Archive member included because of file (symbol)

c:/program files (x86)/gnu tools arm embedded/4.7 2013q1/bin/../lib/gcc/arm-none-eabi/4.7.3/../../../../arm-none-eabi/lib/armv7e-m/fpu\libc.a(lib_a-__atexit.o)
                              c:/program files (x86)/gnu tools arm embedded/4.7 2013q1/bin/../lib/gcc/arm-none-eabi/4.7.3/../../../../arm-none-eabi/lib/armv7e-m/fpu/crt0.o (__register_exitproc)
c:/program files (x86)/gnu tools arm embedded/4.7 2013q1/bin/../lib/gcc/arm-none-eabi/4.7.3/../../../../arm-none-eabi/lib/armv7e-m/fpu\libc.a(lib_a-exit.o)
                              c:/program files (x86)/gnu tools arm embedded/4.7 2013q1/bin/../lib/gcc/arm-none-eabi/4.7.3/../../../../arm-none-eabi/lib/armv7e-m/fpu/crt0.o (exit)
c:/program files (x86)/gnu tools arm embedded/4.7 2013q1/bin/../lib/gcc/arm-none-eabi/4.7.3/../../../../arm-none-eabi/lib/armv7e-m/fpu\libc.a(lib_a-fini.o)
                              c:/program files (x86)/gnu tools arm embedded/4.7 2013q1/bin/../lib/gcc/arm-none-eabi/4.7.3/../../../../arm-none-eabi/lib/armv7e-m/fpu/crt0.o (__libc_fini_array)
c:/program files (x86)/gnu tools arm embedded/4.7 2013q1/bin/../lib/gcc/arm-none-eabi/4.7.3/../../../../arm-none-eabi/lib/armv7e-m/fpu\libc.a(lib_a-impure.o)
                              c:/program files (x86)/gnu tools arm embedded/4.7 2013q1/bin/../lib/gcc/arm-none-eabi/4.7.3/../../../../arm-none-eabi/lib/armv7e-m/fpu\libc.a(lib_a-__atexit.o) (_global_impure_ptr)
c:/program files (x86)/gnu tools arm embedded/4.7 2013q1/bin/../lib/gcc/arm-none-eabi/4.7.3/../../../../arm-none-eabi/lib/armv7e-m/fpu\libc.a(lib_a-init.o)
                              c:/program files (x86)/gnu tools arm embedded/4.7 2013q1/bin/../lib/gcc/arm-none-eabi/4.7.3/../../../../arm-none-eabi/lib/armv7e-m/fpu/crt0.o (__libc_init_array)
c:/program files (x86)/gnu tools arm embedded/4.7 2013q1/bin/../lib/gcc/arm-none-eabi/4.7.3/../../../../arm-none-eabi/lib/armv7e-m/fpu\libc.a(lib_a-memset.o)
                              c:/program files (x86)/gnu tools arm embedded/4.7 2013q1/bin/../lib/gcc/arm-none-eabi/4.7.3/../../../../arm-none-eabi/lib/armv7e-m/fpu/crt0.o (memset)
c:/program files (x86)/gnu tools arm embedded/4.7 2013q1/bin/../lib/gcc/arm-none-eabi/4.7.3/../../../../arm-none-eabi/lib/armv7e-m/fpu\libc.a(lib_a-__call_atexit.o)
                              c:/program files (x86)/gnu tools arm embedded/4.7 2013q1/bin/../lib/gcc/arm-none-eabi/4.7.3/../../../../arm-none-eabi/lib/armv7e-m/fpu\libc.a(lib_a-exit.o) (__call_exitprocs)
c:/program files (x86)/gnu tools arm embedded/4.7 2013q1/bin/../lib/gcc/arm-none-eabi/4.7.3/../../../../arm-none-eabi/lib/armv7e-m/fpu\libc.a(lib_a-atexit.o)
                              c:/program files (x86)/gnu tools arm embedded/4.7 2013q1/bin/../lib/gcc/arm-none-eabi/4.7.3/../../../../arm-none-eabi/lib/armv7e-m/fpu\libc.a(lib_a-__call_atexit.o) (atexit)
c:/program files (x86)/gnu tools arm embedded/4.7 2013q1/bin/../lib/gcc/arm-none-eabi/4.7.3/../../../../arm-none-eabi/lib/armv7e-m/fpu\libm.a(lib_a-wf_sqrt.o)
                              C:\Users\Robin\AppData\Local\Temp\cc00CmLX.o (sqrtf)
c:/program files (x86)/gnu tools arm embedded/4.7 2013q1/bin/../lib/gcc/arm-none-eabi/4.7.3/../../../../arm-none-eabi/lib/armv7e-m/fpu\libm.a(lib_a-ef_sqrt.o)
                              c:/program files (x86)/gnu tools arm embedded/4.7 2013q1/bin/../lib/gcc/arm-none-eabi/4.7.3/../../../../arm-none-eabi/lib/armv7e-m/fpu\libm.a(lib_a-wf_sqrt.o) (__ieee754_sqrtf)
c:/program files (x86)/gnu tools arm embedded/4.7 2013q1/bin/../lib/gcc/arm-none-eabi/4.7.3/../../../../arm-none-eabi/lib/armv7e-m/fpu\libm.a(lib_a-s_lib_ver.o)
                              c:/program files (x86)/gnu tools arm embedded/4.7 2013q1/bin/../lib/gcc/arm-none-eabi/4.7.3/../../../../arm-none-eabi/lib/armv7e-m/fpu\libm.a(lib_a-wf_sqrt.o) (__fdlib_version)
c:/program files (x86)/gnu tools arm embedded/4.7 2013q1/bin/../lib/gcc/arm-none-eabi/4.7.3/../../../../arm-none-eabi/lib/armv7e-m/fpu\libm.a(lib_a-s_matherr.o)
                              c:/program files (x86)/gnu tools arm embedded/4.7 2013q1/bin/../lib/gcc/arm-none-eabi/4.7.3/../../../../arm-none-eabi/lib/armv7e-m/fpu\libm.a(lib_a-wf_sqrt.o) (matherr)
c:/program files (x86)/gnu tools arm embedded/4.7 2013q1/bin/../lib/gcc/arm-none-eabi/4.7.3/../../../../arm-none-eabi/lib/armv7e-m/fpu\libm.a(lib_a-sf_fpclassify.o)
                              c:/program files (x86)/gnu tools arm embedded/4.7 2013q1/bin/../lib/gcc/arm-none-eabi/4.7.3/../../../../arm-none-eabi/lib/armv7e-m/fpu\libm.a(lib_a-wf_sqrt.o) (__fpclassifyf)
c:/program files (x86)/gnu tools arm embedded/4.7 2013q1/bin/../lib/gcc/arm-none-eabi/4.7.3/../../../../arm-none-eabi/lib/armv7e-m/fpu\libg.a(lib_a-errno.o)
                              c:/program files (x86)/gnu tools arm embedded/4.7 2013q1/bin/../lib/gcc/arm-none-eabi/4.7.3/../../../../arm-none-eabi/lib/armv7e-m/fpu\libm.a(lib_a-wf_sqrt.o) (__errno)
[...]
Memory Configuration

Name             Origin             Length             Attributes
flash            0x08000000         0x00100000         xr
ccm              0x10000000         0x00010000         w !xr
sram             0x20000000         0x00020000         w !xr
bkpsram          0x40024000         0x00001000         w !xr
*default*        0x00000000         0xffffffff

Linker script and memory map

LOAD c:/program files (x86)/gnu tools arm embedded/4.7 2013q1/bin/../lib/gcc/arm-none-eabi/4.7.3/armv7e-m/fpu/crti.o
LOAD c:/program files (x86)/gnu tools arm embedded/4.7 2013q1/bin/../lib/gcc/arm-none-eabi/4.7.3/armv7e-m/fpu/crtbegin.o
LOAD c:/program files (x86)/gnu tools arm embedded/4.7 2013q1/bin/../lib/gcc/arm-none-eabi/4.7.3/../../../../arm-none-eabi/lib/armv7e-m/fpu/crt0.o
                0x20020000                sram_top = (ORIGIN (sram) + 0x20000)
                0x10010000                ccm_top = (ORIGIN (ccm) + 0x10000)
                0x20020000                _estack = 0x20020000
                0x10010000                //_estack = 0x10010000

.isr_vector     0x08000000      0x188
                0x08000000                . = ALIGN (0x4)
 *(.isr_vector)
 .isr_vector    0x08000000      0x188 C:\Users\Robin\AppData\Local\Temp\ccQ9VScI.o
                0x08000000                g_pfnVectors
                0x08000188                . = ALIGN (0x4)

.text           0x08000188    0x198b0
                0x08000188                __ctors_start__ = .
 SORT(*)(.init_array)
 .init_array    0x08000188        0x4 c:/program files (x86)/gnu tools arm embedded/4.7 2013q1/bin/../lib/gcc/arm-none-eabi/4.7.3/armv7e-m/fpu/crtbegin.o
                0x0800018c                __ctors_end__ = .
                0x0800018c                __dtors_start__ = .
                0x0800018c                __dtors_end__ = .
                0x0800018c                . = ALIGN (0x4)
 *(.text)
 .text          0x0800018c       0x54 c:/program files (x86)/gnu tools arm embedded/4.7 2013q1/bin/../lib/gcc/arm-none-eabi/4.7.3/armv7e-m/fpu/crtbegin.o
 .text          0x080001e0      0x370 c:/program files (x86)/gnu tools arm embedded/4.7 2013q1/bin/../lib/gcc/arm-none-eabi/4.7.3/armv7e-m/fpu\libgcc.a(_arm_addsubdf3.o)
                0x080001e0                __aeabi_drsub
                0x080001e8                __aeabi_dsub
                0x080001e8                __subdf3
                0x080001ec                __aeabi_dadd
                0x080001ec                __adddf3
                0x08000464                __floatunsidf
                0x08000464                __aeabi_ui2d
                0x08000484                __floatsidf
                0x08000484                __aeabi_i2d
                0x080004a8                __aeabi_f2d
                0x080004a8                __extendsfdf2
                0x080004e4                __floatundidf
                0x080004e4                __aeabi_ul2d
                0x080004f4                __floatdidf
                0x080004f4                __aeabi_l2d
 .text          0x08000550      0x424 c:/program files (x86)/gnu tools arm embedded/4.7 2013q1/bin/../lib/gcc/arm-none-eabi/4.7.3/armv7e-m/fpu\libgcc.a(_arm_muldivdf3.o)
                0x08000550                __aeabi_dmul
                0x08000550                __muldf3
                0x080007a4                __divdf3
                0x080007a4                __aeabi_ddiv
 .text          0x08000974      0x110 c:/program files (x86)/gnu tools arm embedded/4.7 2013q1/bin/../lib/gcc/arm-none-eabi/4.7.3/armv7e-m/fpu\libgcc.a(_arm_cmpdf2.o)
                0x08000974                __gtdf2
                0x08000974                __gedf2
                0x0800097c                __ltdf2
                0x0800097c                __ledf2
                0x08000984                __nedf2
                0x08000984                __eqdf2
                0x08000984                __cmpdf2
                0x08000a00                __aeabi_cdrcmple
                0x08000a10                __aeabi_cdcmpeq
                0x08000a10                __aeabi_cdcmple
                0x08000a20                __aeabi_dcmpeq
                0x08000a34                __aeabi_dcmplt
                0x08000a48                __aeabi_dcmple
                0x08000a5c                __aeabi_dcmpge
                0x08000a70                __aeabi_dcmpgt
 .text          0x08000a84       0x50 c:/program files (x86)/gnu tools arm embedded/4.7 2013q1/bin/../lib/gcc/arm-none-eabi/4.7.3/armv7e-m/fpu\libgcc.a(_arm_fixdfsi.o)
                0x08000a84                __aeabi_d2iz
                0x08000a84                __fixdfsi
 .text          0x08000ad4       0xa0 c:/program files (x86)/gnu tools arm embedded/4.7 2013q1/bin/../lib/gcc/arm-none-eabi/4.7.3/armv7e-m/fpu\libgcc.a(_arm_truncdfsf2.o)
                0x08000ad4                __truncdfsf2
                0x08000ad4                __aeabi_d2f
 .text          0x08000b74       0x2c c:/program files (x86)/gnu tools arm embedded/4.7 2013q1/bin/../lib/gcc/arm-none-eabi/4.7.3/armv7e-m/fpu\libgcc.a(_aeabi_uldivmod.o)
                0x08000b74                __aeabi_uldivmod
 .text          0x08000ba0       0x58 c:/program files (x86)/gnu tools arm embedded/4.7 2013q1/bin/../lib/gcc/arm-none-eabi/4.7.3/armv7e-m/fpu\libgcc.a(bpabi.o)
                0x08000ba0                __gnu_ldivmod_helper
                0x08000bcc                __gnu_uldivmod_helper
 .text          0x08000bf8        0x4 c:/program files (x86)/gnu tools arm embedded/4.7 2013q1/bin/../lib/gcc/arm-none-eabi/4.7.3/armv7e-m/fpu\libgcc.a(_dvmd_tls.o)
                0x08000bf8                __aeabi_idiv0
                0x08000bf8                __aeabi_ldiv0
 .text          0x08000bfc      0x2bc c:/program files (x86)/gnu tools arm embedded/4.7 2013q1/bin/../lib/gcc/arm-none-eabi/4.7.3/armv7e-m/fpu\libgcc.a(_divdi3.o)
                0x08000bfc                __divdi3
 .text          0x08000eb8      0x288 c:/program files (x86)/gnu tools arm embedded/4.7 2013q1/bin/../lib/gcc/arm-none-eabi/4.7.3/armv7e-m/fpu\libgcc.a(_udivdi3.o)
                0x08000eb8                __udivdi3
 *(.text*)
 .text.memset   0x08001140      0x12c c:/program files (x86)/gnu tools arm embedded/4.7 2013q1/bin/../lib/gcc/arm-none-eabi/4.7.3/../../../../arm-none-eabi/lib/armv7e-m/fpu\libc.a(lib_a-memset.o)
                0x08001140                memset
 .text.main     0x0800126c      0x720 C:\Users\Robin\AppData\Local\Temp\cc00CmLX.o
                0x0800126c                main
 .text.adcdma_Init
                0x0800198c      0x2c4 C:\Users\Robin\AppData\Local\Temp\cc8394VB.o
                0x0800198c                adcdma_Init
 .text.NMI_Handler
                0x08001c50        0x4 C:\Users\Robin\AppData\Local\Temp\cc4AjMil.o
                0x08001c50                NMI_Handler
 .text.HardFault_Handler
                0x08001c54       0x14 C:\Users\Robin\AppData\Local\Temp\cc4AjMil.o
                0x08001c54                HardFault_Handler
 .text.MemManage_Handler
                0x08001c68       0x14 C:\Users\Robin\AppData\Local\Temp\cc4AjMil.o
                0x08001c68                MemManage_Handler
 .text.BusFault_Handler
                0x08001c7c       0x14 C:\Users\Robin\AppData\Local\Temp\cc4AjMil.o
                0x08001c7c                BusFault_Handler
 .text.UsageFault_Handler
                0x08001c90        0x4 C:\Users\Robin\AppData\Local\Temp\cc4AjMil.o
                0x08001c90                UsageFault_Handler
 .text.SVC_Handler
                0x08001c94        0x4 C:\Users\Robin\AppData\Local\Temp\cc4AjMil.o
                0x08001c94                SVC_Handler
 .text.DebugMon_Handler
                0x08001c98        0x4 C:\Users\Robin\AppData\Local\Temp\cc4AjMil.o
                0x08001c98                DebugMon_Handler
 .text.PendSV_Handler
                0x08001c9c        0x4 C:\Users\Robin\AppData\Local\Temp\cc4AjMil.o
                0x08001c9c                PendSV_Handler
 .text.SysTick_Handler
                0x08001ca0        0x4 C:\Users\Robin\AppData\Local\Temp\cc4AjMil.o
                0x08001ca0                SysTick_Handler
 .text.DMA2_Stream0_IRQHandler
                0x08001ca4       0x94 C:\Users\Robin\AppData\Local\Temp\cc4AjMil.o
                0x08001ca4                DMA2_Stream0_IRQHandler
 .text.DMA2_Stream2_IRQHandler
                0x08001d38       0x74 C:\Users\Robin\AppData\Local\Temp\cc4AjMil.o
                0x08001d38                DMA2_Stream2_IRQHandler
 .text._sbrk    0x08001dac       0x30 C:\Users\Robin\AppData\Local\Temp\ccOfWSYa.o
                0x08001dac                _sbrk
 .text._close   0x08001ddc        0x8 C:\Users\Robin\AppData\Local\Temp\ccOfWSYa.o
                0x08001ddc                _close
 .text._fstat   0x08001de4        0xc C:\Users\Robin\AppData\Local\Temp\ccOfWSYa.o
                0x08001de4                _fstat
 .text._isatty  0x08001df0        0x8 C:\Users\Robin\AppData\Local\Temp\ccOfWSYa.o
                0x08001df0                _isatty
 .text._lseek   0x08001df8        0x8 C:\Users\Robin\AppData\Local\Temp\ccOfWSYa.o
                0x08001df8                _lseek
 .text._read    0x08001e00        0x8 C:\Users\Robin\AppData\Local\Temp\ccOfWSYa.o
                0x08001e00                _read
 .text._write   0x08001e08       0x3c C:\Users\Robin\AppData\Local\Temp\ccOfWSYa.o
                0x08001e08                _write
 .text.SystemInit
                0x08001e44      0x138 C:\Users\Robin\AppData\Local\Temp\ccYDflV8.o
                0x08001e44                SystemInit
 .text.NVIC_PriorityGroupConfig
                0x08001f7c       0x14 C:\Users\Robin\AppData\Local\Temp\ccSP65Ja.o
                0x08001f7c                NVIC_PriorityGroupConfig
 .text.NVIC_Init
                0x08001f90       0x8c C:\Users\Robin\AppData\Local\Temp\ccSP65Ja.o
                0x08001f90                NVIC_Init
 .text.ADC_Init
                0x0800201c       0x54 C:\Users\Robin\AppData\Local\Temp\ccpNKMlf.o
                0x0800201c                ADC_Init
 .text.ADC_CommonInit
                0x08002070       0x2c C:\Users\Robin\AppData\Local\Temp\ccpNKMlf.o
                0x08002070                ADC_CommonInit
 .text.ADC_Cmd  0x0800209c       0x18 C:\Users\Robin\AppData\Local\Temp\ccpNKMlf.o
                0x0800209c                ADC_Cmd
 .text.ADC_RegularChannelConfig
                0x080020b4       0xb0 C:\Users\Robin\AppData\Local\Temp\ccpNKMlf.o
                0x080020b4                ADC_RegularChannelConfig
 .text.ADC_DMACmd
                0x08002164       0x18 C:\Users\Robin\AppData\Local\Temp\ccpNKMlf.o
                0x08002164                ADC_DMACmd
 .text.ADC_DMARequestAfterLastTransferCmd
                0x0800217c       0x18 C:\Users\Robin\AppData\Local\Temp\ccpNKMlf.o
                0x0800217c                ADC_DMARequestAfterLastTransferCmd
 .text.DMA_DeInit
                0x08002194      0x1f4 C:\Users\Robin\AppData\Local\Temp\cc7mMgNW.o
                0x08002194                DMA_DeInit
 .text.DMA_Init
                0x08002388       0x58 C:\Users\Robin\AppData\Local\Temp\cc7mMgNW.o
                0x08002388                DMA_Init
 .text.DMA_Cmd  0x080023e0       0x18 C:\Users\Robin\AppData\Local\Temp\cc7mMgNW.o
                0x080023e0                DMA_Cmd
 .text.DMA_ITConfig
                0x080023f8       0x44 C:\Users\Robin\AppData\Local\Temp\cc7mMgNW.o
                0x080023f8                DMA_ITConfig
 .text.DMA_GetITStatus
                0x0800243c       0x64 C:\Users\Robin\AppData\Local\Temp\cc7mMgNW.o
                0x0800243c                DMA_GetITStatus
 .text.DMA_ClearITPendingBit
                0x080024a0       0x38 C:\Users\Robin\AppData\Local\Temp\cc7mMgNW.o
                0x080024a0                DMA_ClearITPendingBit
 .text.GPIO_Init
                0x080024d8      0x160 C:\Users\Robin\AppData\Local\Temp\ccvRZ4vo.o
                0x080024d8                GPIO_Init
 .text.GPIO_ToggleBits
                0x08002638        0x8 C:\Users\Robin\AppData\Local\Temp\ccvRZ4vo.o
                0x08002638                GPIO_ToggleBits
 .text.GPIO_PinAFConfig
                0x08002640       0x38 C:\Users\Robin\AppData\Local\Temp\ccvRZ4vo.o
                0x08002640                GPIO_PinAFConfig
 .text.RCC_GetClocksFreq
                0x08002678       0xd8 C:\Users\Robin\AppData\Local\Temp\ccvfRIkJ.o
                0x08002678                RCC_GetClocksFreq
 .text.RCC_AHB1PeriphClockCmd
                0x08002750       0x24 C:\Users\Robin\AppData\Local\Temp\ccvfRIkJ.o
                0x08002750                RCC_AHB1PeriphClockCmd
 .text.RCC_APB1PeriphClockCmd
                0x08002774       0x24 C:\Users\Robin\AppData\Local\Temp\ccvfRIkJ.o
                0x08002774                RCC_APB1PeriphClockCmd
 .text.RCC_APB2PeriphClockCmd
                0x08002798       0x24 C:\Users\Robin\AppData\Local\Temp\ccvfRIkJ.o
                0x08002798                RCC_APB2PeriphClockCmd
 .text.TIM_TimeBaseInit
                0x080027bc       0xac C:\Users\Robin\AppData\Local\Temp\cccGBkEm.o
                0x080027bc                TIM_TimeBaseInit
 .text.TIM_TimeBaseStructInit
                0x08002868       0x14 C:\Users\Robin\AppData\Local\Temp\cccGBkEm.o
                0x08002868                TIM_TimeBaseStructInit
 .text.TIM_Cmd  0x0800287c       0x20 C:\Users\Robin\AppData\Local\Temp\cccGBkEm.o
                0x0800287c                TIM_Cmd
 .text.TIM_SelectOutputTrigger
                0x0800289c       0x1c C:\Users\Robin\AppData\Local\Temp\cccGBkEm.o
                0x0800289c                TIM_SelectOutputTrigger
 .text.USART_Init
                0x080028b8      0x108 C:\Users\Robin\AppData\Local\Temp\ccKEqyZH.o
                0x080028b8                USART_Init
 .text.USART_Cmd
                0x080029c0       0x20 C:\Users\Robin\AppData\Local\Temp\ccKEqyZH.o
                0x080029c0                USART_Cmd
 .text.USART_SendData
                0x080029e0        0xc C:\Users\Robin\AppData\Local\Temp\ccKEqyZH.o
                0x080029e0                USART_SendData
 .text.USART_GetFlagStatus
                0x080029ec        0xc C:\Users\Robin\AppData\Local\Temp\ccKEqyZH.o
                0x080029ec                USART_GetFlagStatus
 .text.Default_Handler
                0x080029f8        0x4 C:\Users\Robin\AppData\Local\Temp\ccQ9VScI.o
                0x080029f8                RTC_Alarm_IRQHandler
                0x080029f8                HASH_RNG_IRQHandler
                0x080029f8                EXTI2_IRQHandler
                0x080029f8                TIM8_CC_IRQHandler
                0x080029f8                TIM1_CC_IRQHandler
                0x080029f8                DMA2_Stream5_IRQHandler
                0x080029f8                DMA1_Stream5_IRQHandler
                0x080029f8                PVD_IRQHandler
                0x080029f8                SDIO_IRQHandler
                0x080029f8                TAMP_STAMP_IRQHandler
                0x080029f8                CAN2_RX1_IRQHandler
                0x080029f8                EXTI3_IRQHandler
                0x080029f8                TIM8_TRG_COM_TIM14_IRQHandler
                0x080029f8                TIM1_UP_TIM10_IRQHandler
                0x080029f8                TIM8_UP_TIM13_IRQHandler
                0x080029f8                I2C3_ER_IRQHandler
                0x080029f8                EXTI0_IRQHandler
                0x080029f8                I2C2_EV_IRQHandler
                0x080029f8                DMA1_Stream2_IRQHandler
                0x080029f8                CAN1_RX0_IRQHandler
                0x080029f8                FPU_IRQHandler
                0x080029f8                OTG_HS_WKUP_IRQHandler
                0x080029f8                CAN2_SCE_IRQHandler
                0x080029f8                SPI1_IRQHandler
                0x080029f8                TIM6_DAC_IRQHandler
                0x080029f8                TIM1_BRK_TIM9_IRQHandler
                0x080029f8                DCMI_IRQHandler
                0x080029f8                CAN2_RX0_IRQHandler
                0x080029f8                DMA2_Stream3_IRQHandler
                0x080029f8                USART6_IRQHandler
                0x080029f8                USART3_IRQHandler
                0x080029f8                CRYP_IRQHandler
                0x080029f8                CAN1_RX1_IRQHandler
                0x080029f8                UART5_IRQHandler
                0x080029f8                TIM4_IRQHandler
                0x080029f8                I2C1_EV_IRQHandler
                0x080029f8                DMA1_Stream6_IRQHandler
                0x080029f8                DMA1_Stream1_IRQHandler
                0x080029f8                UART4_IRQHandler
                0x080029f8                TIM3_IRQHandler
                0x080029f8                RCC_IRQHandler
                0x080029f8                TIM8_BRK_TIM12_IRQHandler
                0x080029f8                EXTI15_10_IRQHandler
                0x080029f8                ADC_IRQHandler
                0x080029f8                DMA1_Stream7_IRQHandler
                0x080029f8                TIM7_IRQHandler
                0x080029f8                CAN2_TX_IRQHandler
                0x080029f8                TIM5_IRQHandler
                0x080029f8                DMA2_Stream7_IRQHandler
                0x080029f8                I2C3_EV_IRQHandler
                0x080029f8                EXTI9_5_IRQHandler
                0x080029f8                RTC_WKUP_IRQHandler
                0x080029f8                ETH_WKUP_IRQHandler
                0x080029f8                SPI2_IRQHandler
                0x080029f8                OTG_HS_EP1_IN_IRQHandler
                0x080029f8                DMA1_Stream0_IRQHandler
                0x080029f8                CAN1_TX_IRQHandler
                0x080029f8                EXTI4_IRQHandler
                0x080029f8                FSMC_IRQHandler
                0x080029f8                ETH_IRQHandler
                0x080029f8                OTG_HS_EP1_OUT_IRQHandler
                0x080029f8                WWDG_IRQHandler
                0x080029f8                TIM2_IRQHandler
                0x080029f8                OTG_FS_WKUP_IRQHandler
                0x080029f8                TIM1_TRG_COM_TIM11_IRQHandler
                0x080029f8                OTG_HS_IRQHandler
                0x080029f8                EXTI1_IRQHandler
                0x080029f8                USART2_IRQHandler
                0x080029f8                I2C2_ER_IRQHandler
                0x080029f8                DMA2_Stream1_IRQHandler
                0x080029f8                CAN1_SCE_IRQHandler
                0x080029f8                FLASH_IRQHandler
                0x080029f8                DMA2_Stream4_IRQHandler
                0x080029f8                USART1_IRQHandler
                0x080029f8                OTG_FS_IRQHandler
                0x080029f8                SPI3_IRQHandler
                0x080029f8                DMA1_Stream4_IRQHandler
                0x080029f8                I2C1_ER_IRQHandler
                0x080029f8                DMA2_Stream6_IRQHandler
                0x080029f8                DMA1_Stream3_IRQHandler
 .text.Default_Reset_Handler
                0x080029fc       0xa4 C:\Users\Robin\AppData\Local\Temp\ccQ9VScI.o
                0x080029fc                Default_Reset_Handler
                0x080029fc                Reset_Handler
 .text.sqrtf    0x08002aa0       0xb4 c:/program files (x86)/gnu tools arm embedded/4.7 2013q1/bin/../lib/gcc/arm-none-eabi/4.7.3/../../../../arm-none-eabi/lib/armv7e-m/fpu\libm.a(lib_a-wf_sqrt.o)
                0x08002aa0                sqrtf
 .text.__ieee754_sqrtf
                0x08002b54       0xc4 c:/program files (x86)/gnu tools arm embedded/4.7 2013q1/bin/../lib/gcc/arm-none-eabi/4.7.3/../../../../arm-none-eabi/lib/armv7e-m/fpu\libm.a(lib_a-ef_sqrt.o)
                0x08002b54                __ieee754_sqrtf
 .text.matherr  0x08002c18        0x4 c:/program files (x86)/gnu tools arm embedded/4.7 2013q1/bin/../lib/gcc/arm-none-eabi/4.7.3/../../../../arm-none-eabi/lib/armv7e-m/fpu\libm.a(lib_a-s_matherr.o)
                0x08002c18                matherr
 .text.__fpclassifyf
                0x08002c1c       0x5c c:/program files (x86)/gnu tools arm embedded/4.7 2013q1/bin/../lib/gcc/arm-none-eabi/4.7.3/../../../../arm-none-eabi/lib/armv7e-m/fpu\libm.a(lib_a-sf_fpclassify.o)
                0x08002c1c                __fpclassifyf
 .text.__errno  0x08002c78        0xc c:/program files (x86)/gnu tools arm embedded/4.7 2013q1/bin/../lib/gcc/arm-none-eabi/4.7.3/../../../../arm-none-eabi/lib/armv7e-m/fpu\libg.a(lib_a-errno.o)
                0x08002c78                __errno
 .text.printf   0x08002c84       0x28 c:/program files (x86)/gnu tools arm embedded/4.7 2013q1/bin/../lib/gcc/arm-none-eabi/4.7.3/../../../../arm-none-eabi/lib/armv7e-m/fpu\libg.a(lib_a-printf.o)
                0x08002c84                printf
 .text._puts_r  0x08002cac       0x68 c:/program files (x86)/gnu tools arm embedded/4.7 2013q1/bin/../lib/gcc/arm-none-eabi/4.7.3/../../../../arm-none-eabi/lib/armv7e-m/fpu\libg.a(lib_a-puts.o)
                0x08002cac                _puts_r
 .text.puts     0x08002d14       0x10 c:/program files (x86)/gnu tools arm embedded/4.7 2013q1/bin/../lib/gcc/arm-none-eabi/4.7.3/../../../../arm-none-eabi/lib/armv7e-m/fpu\libg.a(lib_a-puts.o)
                0x08002d14                puts
 .text.strlen   0x08002d24       0x60 c:/program files (x86)/gnu tools arm embedded/4.7 2013q1/bin/../lib/gcc/arm-none-eabi/4.7.3/../../../../arm-none-eabi/lib/armv7e-m/fpu\libg.a(lib_a-strlen.o)
                0x08002d24                strlen
 .text._vfprintf_r
                0x08002d84     0x1cd4 c:/program files (x86)/gnu tools arm embedded/4.7 2013q1/bin/../lib/gcc/arm-none-eabi/4.7.3/../../../../arm-none-eabi/lib/armv7e-m/fpu\libg.a(lib_a-vfprintf.o)
                0x08002d84                _vfprintf_r
 .text.__sbprintf
                0x08004a58       0x78 c:/program files (x86)/gnu tools arm embedded/4.7 2013q1/bin/../lib/gcc/arm-none-eabi/4.7.3/../../../../arm-none-eabi/lib/armv7e-m/fpu\libg.a(lib_a-vfprintf.o)
 .text.__swsetup_r
                0x08004ad0       0xc4 c:/program files (x86)/gnu tools arm embedded/4.7 2013q1/bin/../lib/gcc/arm-none-eabi/4.7.3/../../../../arm-none-eabi/lib/armv7e-m/fpu\libg.a(lib_a-wsetup.o)
                0x08004ad0                __swsetup_r
 .text.quorem   0x08004b94      0x2ec c:/program files (x86)/gnu tools arm embedded/4.7 2013q1/bin/../lib/gcc/arm-none-eabi/4.7.3/../../../../arm-none-eabi/lib/armv7e-m/fpu\libg.a(lib_a-dtoa.o)
 .text._dtoa_r  0x08004e80     0x1260 c:/program files (x86)/gnu tools arm embedded/4.7 2013q1/bin/../lib/gcc/arm-none-eabi/4.7.3/../../../../arm-none-eabi/lib/armv7e-m/fpu\libg.a(lib_a-dtoa.o)
                0x08004e80                _dtoa_r
 .text._fflush_r
                0x080060e0      0x168 c:/program files (x86)/gnu tools arm embedded/4.7 2013q1/bin/../lib/gcc/arm-none-eabi/4.7.3/../../../../arm-none-eabi/lib/armv7e-m/fpu\libg.a(lib_a-fflush.o)
                0x080060e0                _fflush_r
 .text._cleanup_r
                0x08006248        0xc c:/program files (x86)/gnu tools arm embedded/4.7 2013q1/bin/../lib/gcc/arm-none-eabi/4.7.3/../../../../arm-none-eabi/lib/armv7e-m/fpu\libg.a(lib_a-findfp.o)
                0x08006248                _cleanup_r
 .text.std.isra.0
                0x08006254       0x50 c:/program files (x86)/gnu tools arm embedded/4.7 2013q1/bin/../lib/gcc/arm-none-eabi/4.7.3/../../../../arm-none-eabi/lib/armv7e-m/fpu\libg.a(lib_a-findfp.o)
 .text.__sinit  0x080062a4       0x4c c:/program files (x86)/gnu tools arm embedded/4.7 2013q1/bin/../lib/gcc/arm-none-eabi/4.7.3/../../../../arm-none-eabi/lib/armv7e-m/fpu\libg.a(lib_a-findfp.o)
                0x080062a4                __sinit
 .text.__sfp_lock_acquire
                0x080062f0        0x4 c:/program files (x86)/gnu tools arm embedded/4.7 2013q1/bin/../lib/gcc/arm-none-eabi/4.7.3/../../../../arm-none-eabi/lib/armv7e-m/fpu\libg.a(lib_a-findfp.o)
                0x080062f0                __sfp_lock_acquire
 .text.__sfp_lock_release
                0x080062f4        0x4 c:/program files (x86)/gnu tools arm embedded/4.7 2013q1/bin/../lib/gcc/arm-none-eabi/4.7.3/../../../../arm-none-eabi/lib/armv7e-m/fpu\libg.a(lib_a-findfp.o)
                0x080062f4                __sfp_lock_release
 .text._malloc_trim_r
                0x080062f8       0x98 c:/program files (x86)/gnu tools arm embedded/4.7 2013q1/bin/../lib/gcc/arm-none-eabi/4.7.3/../../../../arm-none-eabi/lib/armv7e-m/fpu\libg.a(lib_a-freer.o)
                0x080062f8                _malloc_trim_r
 .text._free_r  0x08006390      0x194 c:/program files (x86)/gnu tools arm embedded/4.7 2013q1/bin/../lib/gcc/arm-none-eabi/4.7.3/../../../../arm-none-eabi/lib/armv7e-m/fpu\libg.a(lib_a-freer.o)
                0x08006390                _free_r
 .text.__sfvwrite_r
                0x08006524      0x314 c:/program files (x86)/gnu tools arm embedded/4.7 2013q1/bin/../lib/gcc/arm-none-eabi/4.7.3/../../../../arm-none-eabi/lib/armv7e-m/fpu\libg.a(lib_a-fvwrite.o)
                0x08006524                __sfvwrite_r
 .text._fwalk   0x08006838       0xb8 c:/program files (x86)/gnu tools arm embedded/4.7 2013q1/bin/../lib/gcc/arm-none-eabi/4.7.3/../../../../arm-none-eabi/lib/armv7e-m/fpu\libg.a(lib_a-fwalk.o)
                0x08006838                _fwalk
 .text.__locale_charset
                0x080068f0        0xc c:/program files (x86)/gnu tools arm embedded/4.7 2013q1/bin/../lib/gcc/arm-none-eabi/4.7.3/../../../../arm-none-eabi/lib/armv7e-m/fpu\libg.a(lib_a-locale.o)
                0x080068f0                __locale_charset
 .text.__locale_mb_cur_max
                0x080068fc        0xc c:/program files (x86)/gnu tools arm embedded/4.7 2013q1/bin/../lib/gcc/arm-none-eabi/4.7.3/../../../../arm-none-eabi/lib/armv7e-m/fpu\libg.a(lib_a-locale.o)
                0x080068fc                __locale_mb_cur_max
 .text._localeconv_r
                0x08006908        0xc c:/program files (x86)/gnu tools arm embedded/4.7 2013q1/bin/../lib/gcc/arm-none-eabi/4.7.3/../../../../arm-none-eabi/lib/armv7e-m/fpu\libg.a(lib_a-locale.o)
                0x08006908                _localeconv_r
 .text.__smakebuf_r
                0x08006914       0xe8 c:/program files (x86)/gnu tools arm embedded/4.7 2013q1/bin/../lib/gcc/arm-none-eabi/4.7.3/../../../../arm-none-eabi/lib/armv7e-m/fpu\libg.a(lib_a-makebuf.o)
                0x08006914                __smakebuf_r
 .text._malloc_r
                0x080069fc      0x55c c:/program files (x86)/gnu tools arm embedded/4.7 2013q1/bin/../lib/gcc/arm-none-eabi/4.7.3/../../../../arm-none-eabi/lib/armv7e-m/fpu\libg.a(lib_a-mallocr.o)
                0x080069fc                _malloc_r
 .text.memchr   0x08006f58      0x140 c:/program files (x86)/gnu tools arm embedded/4.7 2013q1/bin/../lib/gcc/arm-none-eabi/4.7.3/../../../../arm-none-eabi/lib/armv7e-m/fpu\libg.a(lib_a-memchr.o)
                0x08006f58                memchr
 .text.memcpy   0x08007098      0x144 c:/program files (x86)/gnu tools arm embedded/4.7 2013q1/bin/../lib/gcc/arm-none-eabi/4.7.3/../../../../arm-none-eabi/lib/armv7e-m/fpu\libg.a(lib_a-memcpy.o)
                0x08007098                memcpy
 .text.memmove  0x080071dc      0x198 c:/program files (x86)/gnu tools arm embedded/4.7 2013q1/bin/../lib/gcc/arm-none-eabi/4.7.3/../../../../arm-none-eabi/lib/armv7e-m/fpu\libg.a(lib_a-memmove.o)
                0x080071dc                memmove
 .text.__malloc_lock
                0x08007374        0x4 c:/program files (x86)/gnu tools arm embedded/4.7 2013q1/bin/../lib/gcc/arm-none-eabi/4.7.3/../../../../arm-none-eabi/lib/armv7e-m/fpu\libg.a(lib_a-mlock.o)
                0x08007374                __malloc_lock
 .text.__malloc_unlock
                0x08007378        0x4 c:/program files (x86)/gnu tools arm embedded/4.7 2013q1/bin/../lib/gcc/arm-none-eabi/4.7.3/../../../../arm-none-eabi/lib/armv7e-m/fpu\libg.a(lib_a-mlock.o)
                0x08007378                __malloc_unlock
 .text._Balloc  0x0800737c       0x4c c:/program files (x86)/gnu tools arm embedded/4.7 2013q1/bin/../lib/gcc/arm-none-eabi/4.7.3/../../../../arm-none-eabi/lib/armv7e-m/fpu\libg.a(lib_a-mprec.o)
                0x0800737c                _Balloc
 .text._Bfree   0x080073c8       0x14 c:/program files (x86)/gnu tools arm embedded/4.7 2013q1/bin/../lib/gcc/arm-none-eabi/4.7.3/../../../../arm-none-eabi/lib/armv7e-m/fpu\libg.a(lib_a-mprec.o)
                0x080073c8                _Bfree
 .text.__multadd
                0x080073dc       0xf8 c:/program files (x86)/gnu tools arm embedded/4.7 2013q1/bin/../lib/gcc/arm-none-eabi/4.7.3/../../../../arm-none-eabi/lib/armv7e-m/fpu\libg.a(lib_a-mprec.o)
                0x080073dc                __multadd
 .text.__hi0bits
                0x080074d4       0x3c c:/program files (x86)/gnu tools arm embedded/4.7 2013q1/bin/../lib/gcc/arm-none-eabi/4.7.3/../../../../arm-none-eabi/lib/armv7e-m/fpu\libg.a(lib_a-mprec.o)
                0x080074d4                __hi0bits
 .text.__lo0bits
                0x08007510       0x5c c:/program files (x86)/gnu tools arm embedded/4.7 2013q1/bin/../lib/gcc/arm-none-eabi/4.7.3/../../../../arm-none-eabi/lib/armv7e-m/fpu\libg.a(lib_a-mprec.o)
                0x08007510                __lo0bits
 .text.__i2b    0x0800756c       0x14 c:/program files (x86)/gnu tools arm embedded/4.7 2013q1/bin/../lib/gcc/arm-none-eabi/4.7.3/../../../../arm-none-eabi/lib/armv7e-m/fpu\libg.a(lib_a-mprec.o)
                0x0800756c                __i2b
 .text.__multiply
                0x08007580      0x2d0 c:/program files (x86)/gnu tools arm embedded/4.7 2013q1/bin/../lib/gcc/arm-none-eabi/4.7.3/../../../../arm-none-eabi/lib/armv7e-m/fpu\libg.a(lib_a-mprec.o)
                0x08007580                __multiply
 .text.__pow5mult
                0x08007850       0x94 c:/program files (x86)/gnu tools arm embedded/4.7 2013q1/bin/../lib/gcc/arm-none-eabi/4.7.3/../../../../arm-none-eabi/lib/armv7e-m/fpu\libg.a(lib_a-mprec.o)
                0x08007850                __pow5mult
 .text.__lshift
                0x080078e4      0x188 c:/program files (x86)/gnu tools arm embedded/4.7 2013q1/bin/../lib/gcc/arm-none-eabi/4.7.3/../../../../arm-none-eabi/lib/armv7e-m/fpu\libg.a(lib_a-mprec.o)
                0x080078e4                __lshift
 .text.__mcmp   0x08007a6c       0x5c c:/program files (x86)/gnu tools arm embedded/4.7 2013q1/bin/../lib/gcc/arm-none-eabi/4.7.3/../../../../arm-none-eabi/lib/armv7e-m/fpu\libg.a(lib_a-mprec.o)
                0x08007a6c                __mcmp
 .text.__mdiff  0x08007ac8      0x20c c:/program files (x86)/gnu tools arm embedded/4.7 2013q1/bin/../lib/gcc/arm-none-eabi/4.7.3/../../../../arm-none-eabi/lib/armv7e-m/fpu\libg.a(lib_a-mprec.o)
                0x08007ac8                __mdiff
 .text.__d2b    0x08007cd4       0xb4 c:/program files (x86)/gnu tools arm embedded/4.7 2013q1/bin/../lib/gcc/arm-none-eabi/4.7.3/../../../../arm-none-eabi/lib/armv7e-m/fpu\libg.a(lib_a-mprec.o)
                0x08007cd4                __d2b
 .text._realloc_r
                0x08007d88      0x3dc c:/program files (x86)/gnu tools arm embedded/4.7 2013q1/bin/../lib/gcc/arm-none-eabi/4.7.3/../../../../arm-none-eabi/lib/armv7e-m/fpu\libg.a(lib_a-reallocr.o)
                0x08007d88                _realloc_r
 .text.__fpclassifyd
                0x08008164       0x70 c:/program files (x86)/gnu tools arm embedded/4.7 2013q1/bin/../lib/gcc/arm-none-eabi/4.7.3/../../../../arm-none-eabi/lib/armv7e-m/fpu\libg.a(lib_a-s_fpclassify.o)
                0x08008164                __fpclassifyd
 .text._sbrk_r  0x080081d4       0x24 c:/program files (x86)/gnu tools arm embedded/4.7 2013q1/bin/../lib/gcc/arm-none-eabi/4.7.3/../../../../arm-none-eabi/lib/armv7e-m/fpu\libg.a(lib_a-sbrkr.o)
                0x080081d4                _sbrk_r
 .text.__sread  0x080081f8       0x24 c:/program files (x86)/gnu tools arm embedded/4.7 2013q1/bin/../lib/gcc/arm-none-eabi/4.7.3/../../../../arm-none-eabi/lib/armv7e-m/fpu\libg.a(lib_a-stdio.o)
                0x080081f8                __sread
 .text.__swrite
                0x0800821c       0x44 c:/program files (x86)/gnu tools arm embedded/4.7 2013q1/bin/../lib/gcc/arm-none-eabi/4.7.3/../../../../arm-none-eabi/lib/armv7e-m/fpu\libg.a(lib_a-stdio.o)
                0x0800821c                __swrite
 .text.__sseek  0x08008260       0x24 c:/program files (x86)/gnu tools arm embedded/4.7 2013q1/bin/../lib/gcc/arm-none-eabi/4.7.3/../../../../arm-none-eabi/lib/armv7e-m/fpu\libg.a(lib_a-stdio.o)
                0x08008260                __sseek
 .text.__sclose
                0x08008284        0x8 c:/program files (x86)/gnu tools arm embedded/4.7 2013q1/bin/../lib/gcc/arm-none-eabi/4.7.3/../../../../arm-none-eabi/lib/armv7e-m/fpu\libg.a(lib_a-stdio.o)
                0x08008284                __sclose
 .text.__sprint_r
                0x0800828c       0xc0 c:/program files (x86)/gnu tools arm embedded/4.7 2013q1/bin/../lib/gcc/arm-none-eabi/4.7.3/../../../../arm-none-eabi/lib/armv7e-m/fpu\libg.a(lib_a-vfiprintf.o)
                0x0800828c                __sprint_r
 .text._write_r
                0x0800834c       0x28 c:/program files (x86)/gnu tools arm embedded/4.7 2013q1/bin/../lib/gcc/arm-none-eabi/4.7.3/../../../../arm-none-eabi/lib/armv7e-m/fpu\libg.a(lib_a-writer.o)
                0x0800834c                _write_r
 .text._calloc_r
                0x08008374       0x60 c:/program files (x86)/gnu tools arm embedded/4.7 2013q1/bin/../lib/gcc/arm-none-eabi/4.7.3/../../../../arm-none-eabi/lib/armv7e-m/fpu\libg.a(lib_a-callocr.o)
                0x08008374                _calloc_r
 .text._close_r
                0x080083d4       0x24 c:/program files (x86)/gnu tools arm embedded/4.7 2013q1/bin/../lib/gcc/arm-none-eabi/4.7.3/../../../../arm-none-eabi/lib/armv7e-m/fpu\libg.a(lib_a-closer.o)
                0x080083d4                _close_r
 .text._fclose_r
                0x080083f8       0x94 c:/program files (x86)/gnu tools arm embedded/4.7 2013q1/bin/../lib/gcc/arm-none-eabi/4.7.3/../../../../arm-none-eabi/lib/armv7e-m/fpu\libg.a(lib_a-fclose.o)
                0x080083f8                _fclose_r
 .text.fclose   0x0800848c       0x10 c:/program files (x86)/gnu tools arm embedded/4.7 2013q1/bin/../lib/gcc/arm-none-eabi/4.7.3/../../../../arm-none-eabi/lib/armv7e-m/fpu\libg.a(lib_a-fclose.o)
                0x0800848c                fclose
 .text._fputwc_r
                0x0800849c      0x1b0 c:/program files (x86)/gnu tools arm embedded/4.7 2013q1/bin/../lib/gcc/arm-none-eabi/4.7.3/../../../../arm-none-eabi/lib/armv7e-m/fpu\libg.a(lib_a-fputwc.o)
                0x0800849c                _fputwc_r
 .text._fstat_r
                0x0800864c       0x28 c:/program files (x86)/gnu tools arm embedded/4.7 2013q1/bin/../lib/gcc/arm-none-eabi/4.7.3/../../../../arm-none-eabi/lib/armv7e-m/fpu\libg.a(lib_a-fstatr.o)
                0x0800864c                _fstat_r
 .text._isatty_r
                0x08008674       0x24 c:/program files (x86)/gnu tools arm embedded/4.7 2013q1/bin/../lib/gcc/arm-none-eabi/4.7.3/../../../../arm-none-eabi/lib/armv7e-m/fpu\libg.a(lib_a-isattyr.o)
                0x08008674                _isatty_r
 .text._lseek_r
                0x08008698       0x28 c:/program files (x86)/gnu tools arm embedded/4.7 2013q1/bin/../lib/gcc/arm-none-eabi/4.7.3/../../../../arm-none-eabi/lib/armv7e-m/fpu\libg.a(lib_a-lseekr.o)
                0x08008698                _lseek_r
 .text._read_r  0x080086c0       0x28 c:/program files (x86)/gnu tools arm embedded/4.7 2013q1/bin/../lib/gcc/arm-none-eabi/4.7.3/../../../../arm-none-eabi/lib/armv7e-m/fpu\libg.a(lib_a-readr.o)
                0x080086c0                _read_r
 .text.__swbuf_r
                0x080086e8       0xbc c:/program files (x86)/gnu tools arm embedded/4.7 2013q1/bin/../lib/gcc/arm-none-eabi/4.7.3/../../../../arm-none-eabi/lib/armv7e-m/fpu\libg.a(lib_a-wbuf.o)
                0x080086e8                __swbuf_r
 .text._wcrtomb_r
                0x080087a4       0x50 c:/program files (x86)/gnu tools arm embedded/4.7 2013q1/bin/../lib/gcc/arm-none-eabi/4.7.3/../../../../arm-none-eabi/lib/armv7e-m/fpu\libg.a(lib_a-wcrtomb.o)
                0x080087a4                _wcrtomb_r
 .text.__ascii_wctomb
                0x080087f4       0x1c c:/program files (x86)/gnu tools arm embedded/4.7 2013q1/bin/../lib/gcc/arm-none-eabi/4.7.3/../../../../arm-none-eabi/lib/armv7e-m/fpu\libg.a(lib_a-wctomb_r.o)
                0x080087f4                __ascii_wctomb
 .text.arm_rms_f32
                0x08008810      0x134 lib/cmsis\libarm_cortexM4lf_math.a(arm_rms_f32.o)
                0x08008810                arm_rms_f32
 .text.arm_mean_f32
                0x08008944      0x108 lib/cmsis\libarm_cortexM4lf_math.a(arm_mean_f32.o)
                0x08008944                arm_mean_f32
 .text.arm_cfft_radix4_init_f32
                0x08008a4c       0xb0 lib/cmsis\libarm_cortexM4lf_math.a(arm_cfft_radix4_init_f32.o)
                0x08008a4c                arm_cfft_radix4_init_f32
 .text.arm_radix4_butterfly_f32
                0x08008afc      0x398 lib/cmsis\libarm_cortexM4lf_math.a(arm_cfft_radix4_f32.o)
                0x08008afc                arm_radix4_butterfly_f32
 .text.arm_radix4_butterfly_inverse_f32
                0x08008e94      0x3b8 lib/cmsis\libarm_cortexM4lf_math.a(arm_cfft_radix4_f32.o)
                0x08008e94                arm_radix4_butterfly_inverse_f32
 .text.arm_cfft_radix4_f32
                0x0800924c       0x40 lib/cmsis\libarm_cortexM4lf_math.a(arm_cfft_radix4_f32.o)
                0x0800924c                arm_cfft_radix4_f32
 .text.arm_bitreversal_f32
                0x0800928c      0x10c lib/cmsis\libarm_cortexM4lf_math.a(arm_bitreversal.o)
                0x0800928c                arm_bitreversal_f32
 .text.arm_cmplx_mult_real_f32
                0x08009398      0x2d0 lib/cmsis\libarm_cortexM4lf_math.a(arm_cmplx_mult_real_f32.o)
                0x08009398                arm_cmplx_mult_real_f32
 .text.arm_cmplx_mult_cmplx_f32
                0x08009668      0x1a0 lib/cmsis\libarm_cortexM4lf_math.a(arm_cmplx_mult_cmplx_f32.o)
                0x08009668                arm_cmplx_mult_cmplx_f32
 .text.arm_cmplx_mag_f32
                0x08009808      0x2a4 lib/cmsis\libarm_cortexM4lf_math.a(arm_cmplx_mag_f32.o)
                0x08009808                arm_cmplx_mag_f32
 .text.arm_cmplx_conj_f32
                0x08009aac      0x1b8 lib/cmsis\libarm_cortexM4lf_math.a(arm_cmplx_conj_f32.o)
                0x08009aac                arm_cmplx_conj_f32
 .text.arm_scale_f32
                0x08009c64      0x158 lib/cmsis\libarm_cortexM4lf_math.a(arm_scale_f32.o)
                0x08009c64                arm_scale_f32
 .text.arm_offset_f32
                0x08009dbc      0x158 lib/cmsis\libarm_cortexM4lf_math.a(arm_offset_f32.o)
                0x08009dbc                arm_offset_f32
 *(.rodata)
 .rodata        0x08009f14     0xf980 lib/cmsis\libarm_cortexM4lf_math.a(arm_common_tables.o)
                0x08009f14                armRecipTableQ31
                0x0800a014                armRecipTableQ15
                0x0800a094                twiddleCoefQ15
                0x0800d094                twiddleCoefQ31
                0x08013094                twiddleCoef
                0x08019094                armBitRevTable
 *(.rodata*)
 .rodata.str1.4
                0x08019894        0x2 c:/program files (x86)/gnu tools arm embedded/4.7 2013q1/bin/../lib/gcc/arm-none-eabi/4.7.3/../../../../arm-none-eabi/lib/armv7e-m/fpu\libc.a(lib_a-impure.o)
                                  0x4 (size before relaxing)
 *fill*         0x08019896        0x2 00
 .rodata.str1.4
                0x08019898       0x18 C:\Users\Robin\AppData\Local\Temp\cc00CmLX.o
 .rodata.str1.4
                0x080198b0        0x6 c:/program files (x86)/gnu tools arm embedded/4.7 2013q1/bin/../lib/gcc/arm-none-eabi/4.7.3/../../../../arm-none-eabi/lib/armv7e-m/fpu\libm.a(lib_a-wf_sqrt.o)
                                  0x8 (size before relaxing)
 *fill*         0x080198b6        0x2 00
 .rodata.str1.4
                0x080198b8        0x2 c:/program files (x86)/gnu tools arm embedded/4.7 2013q1/bin/../lib/gcc/arm-none-eabi/4.7.3/../../../../arm-none-eabi/lib/armv7e-m/fpu\libg.a(lib_a-puts.o)
                                  0x4 (size before relaxing)
 *fill*         0x080198ba        0x2 00
 .rodata.blanks.6735
                0x080198bc       0x10 c:/program files (x86)/gnu tools arm embedded/4.7 2013q1/bin/../lib/gcc/arm-none-eabi/4.7.3/../../../../arm-none-eabi/lib/armv7e-m/fpu\libg.a(lib_a-vfprintf.o)
 .rodata.str1.4
                0x080198cc       0x42 c:/program files (x86)/gnu tools arm embedded/4.7 2013q1/bin/../lib/gcc/arm-none-eabi/4.7.3/../../../../arm-none-eabi/lib/armv7e-m/fpu\libg.a(lib_a-vfprintf.o)
                                 0x44 (size before relaxing)
 *fill*         0x0801990e        0x2 00
 .rodata.zeroes.6736
                0x08019910       0x10 c:/program files (x86)/gnu tools arm embedded/4.7 2013q1/bin/../lib/gcc/arm-none-eabi/4.7.3/../../../../arm-none-eabi/lib/armv7e-m/fpu\libg.a(lib_a-vfprintf.o)
 .rodata.str1.4
                0x08019920       0x10 c:/program files (x86)/gnu tools arm embedded/4.7 2013q1/bin/../lib/gcc/arm-none-eabi/4.7.3/../../../../arm-none-eabi/lib/armv7e-m/fpu\libg.a(lib_a-dtoa.o)
                                 0x14 (size before relaxing)
 .rodata.str1.4
                0x08019930        0xc c:/program files (x86)/gnu tools arm embedded/4.7 2013q1/bin/../lib/gcc/arm-none-eabi/4.7.3/../../../../arm-none-eabi/lib/armv7e-m/fpu\libg.a(lib_a-locale.o)
                                 0x14 (size before relaxing)
 .rodata.p05.5242
                0x0801993c        0xc c:/program files (x86)/gnu tools arm embedded/4.7 2013q1/bin/../lib/gcc/arm-none-eabi/4.7.3/../../../../arm-none-eabi/lib/armv7e-m/fpu\libg.a(lib_a-mprec.o)
 .rodata.__mprec_tens
                0x08019948       0xc8 c:/program files (x86)/gnu tools arm embedded/4.7 2013q1/bin/../lib/gcc/arm-none-eabi/4.7.3/../../../../arm-none-eabi/lib/armv7e-m/fpu\libg.a(lib_a-mprec.o)
                0x08019948                __mprec_tens
 .rodata.__mprec_bigtens
                0x08019a10       0x28 c:/program files (x86)/gnu tools arm embedded/4.7 2013q1/bin/../lib/gcc/arm-none-eabi/4.7.3/../../../../arm-none-eabi/lib/armv7e-m/fpu\libg.a(lib_a-mprec.o)
                0x08019a10                __mprec_bigtens
 *(.eh_frame_hdr)
 *(.eh_frame)
 .eh_frame      0x08019a38        0x0 c:/program files (x86)/gnu tools arm embedded/4.7 2013q1/bin/../lib/gcc/arm-none-eabi/4.7.3/armv7e-m/fpu/crtbegin.o
 *(.ARM.extab* .gnu.linkonce.armextab.*)
 *(.gcc_except_table)
 *(.eh_frame_hdr)
 *(.eh_frame)
 *(.glue_7)
 .glue_7        0x00000000        0x0 linker stubs
 *(.glue_7t)
 .glue_7t       0x00000000        0x0 linker stubs
                0x08019a38                . = ALIGN (0x4)
                0x08019a38                __exidx_start = .

.vfp11_veneer   0x08019a38        0x0
 .vfp11_veneer  0x00000000        0x0 linker stubs

.v4_bx          0x08019a38        0x0
 .v4_bx         0x00000000        0x0 linker stubs

.iplt           0x08019a38        0x0
 .iplt          0x00000000        0x0 c:/program files (x86)/gnu tools arm embedded/4.7 2013q1/bin/../lib/gcc/arm-none-eabi/4.7.3/armv7e-m/fpu/crtbegin.o

.ARM.exidx      0x08019a38        0x8
 *(.ARM.exidx* .gnu.linkonce.armexidx.*)
 .ARM.exidx     0x08019a38        0x8 c:/program files (x86)/gnu tools arm embedded/4.7 2013q1/bin/../lib/gcc/arm-none-eabi/4.7.3/armv7e-m/fpu\libgcc.a(_divdi3.o)
 .ARM.exidx     0x08019a40        0x0 c:/program files (x86)/gnu tools arm embedded/4.7 2013q1/bin/../lib/gcc/arm-none-eabi/4.7.3/armv7e-m/fpu\libgcc.a(_udivdi3.o)
                                  0x8 (size before relaxing)
                0x08019a40                __exidx_end = .

.rel.dyn        0x08019a40        0x0
 .rel.iplt      0x00000000        0x0 c:/program files (x86)/gnu tools arm embedded/4.7 2013q1/bin/../lib/gcc/arm-none-eabi/4.7.3/armv7e-m/fpu/crtbegin.o

.text.align     0x08019a40        0x0
                0x08019a40                . = ALIGN (0x8)
                0x08019a40                _etext = .
                0x08019a40                _sidata = .

.data           0x20000000      0x8f0 load address 0x08019a40
                0x20000000                . = ALIGN (0x4)
                0x20000000                _sdata = .
 *(.data)
 .data          0x20000000        0x0 c:/program files (x86)/gnu tools arm embedded/4.7 2013q1/bin/../lib/gcc/arm-none-eabi/4.7.3/armv7e-m/fpu/crti.o
 .data          0x20000000        0x4 c:/program files (x86)/gnu tools arm embedded/4.7 2013q1/bin/../lib/gcc/arm-none-eabi/4.7.3/armv7e-m/fpu/crtbegin.o
                0x20000000                __dso_handle
 .data          0x20000004        0x0 c:/program files (x86)/gnu tools arm embedded/4.7 2013q1/bin/../lib/gcc/arm-none-eabi/4.7.3/../../../../arm-none-eabi/lib/armv7e-m/fpu/crt0.o
 .data          0x20000004        0x0 c:/program files (x86)/gnu tools arm embedded/4.7 2013q1/bin/../lib/gcc/arm-none-eabi/4.7.3/../../../../arm-none-eabi/lib/armv7e-m/fpu\libc.a(lib_a-__atexit.o)
 .data          0x20000004        0x0 c:/program files (x86)/gnu tools arm embedded/4.7 2013q1/bin/../lib/gcc/arm-none-eabi/4.7.3/../../../../arm-none-eabi/lib/armv7e-m/fpu\libc.a(lib_a-exit.o)
 .data          0x20000004        0x0 c:/program files (x86)/gnu tools arm embedded/4.7 2013q1/bin/../lib/gcc/arm-none-eabi/4.7.3/../../../../arm-none-eabi/lib/armv7e-m/fpu\libc.a(lib_a-fini.o)
 .data          0x20000004        0x0 c:/program files (x86)/gnu tools arm embedded/4.7 2013q1/bin/../lib/gcc/arm-none-eabi/4.7.3/../../../../arm-none-eabi/lib/armv7e-m/fpu\libc.a(lib_a-impure.o)
 .data          0x20000004        0x0 c:/program files (x86)/gnu tools arm embedded/4.7 2013q1/bin/../lib/gcc/arm-none-eabi/4.7.3/../../../../arm-none-eabi/lib/armv7e-m/fpu\libc.a(lib_a-init.o)
 .data          0x20000004        0x0 c:/program files (x86)/gnu tools arm embedded/4.7 2013q1/bin/../lib/gcc/arm-none-eabi/4.7.3/../../../../arm-none-eabi/lib/armv7e-m/fpu\libc.a(lib_a-memset.o)
 .data          0x20000004        0x0 c:/program files (x86)/gnu tools arm embedded/4.7 2013q1/bin/../lib/gcc/arm-none-eabi/4.7.3/../../../../arm-none-eabi/lib/armv7e-m/fpu\libc.a(lib_a-__call_atexit.o)
 .data          0x20000004        0x0 c:/program files (x86)/gnu tools arm embedded/4.7 2013q1/bin/../lib/gcc/arm-none-eabi/4.7.3/../../../../arm-none-eabi/lib/armv7e-m/fpu\libc.a(lib_a-atexit.o)
 .data          0x20000004        0x4 C:\Users\Robin\AppData\Local\Temp\cc00CmLX.o
 .data          0x20000008        0x0 C:\Users\Robin\AppData\Local\Temp\cc8394VB.o
 .data          0x20000008        0x0 C:\Users\Robin\AppData\Local\Temp\cc4AjMil.o
 .data          0x20000008        0x0 C:\Users\Robin\AppData\Local\Temp\ccOfWSYa.o
 .data          0x20000008       0x14 C:\Users\Robin\AppData\Local\Temp\ccYDflV8.o
                0x20000008                SystemCoreClock
                0x2000000c                AHBPrescTable
 .data          0x2000001c        0x0 C:\Users\Robin\AppData\Local\Temp\ccSP65Ja.o
 .data          0x2000001c        0x0 C:\Users\Robin\AppData\Local\Temp\ccpNKMlf.o
 .data          0x2000001c        0x0 C:\Users\Robin\AppData\Local\Temp\ccY7JCtx.o
 .data          0x2000001c        0x0 C:\Users\Robin\AppData\Local\Temp\cc1pgWzW.o
 .data          0x2000001c        0x0 C:\Users\Robin\AppData\Local\Temp\ccqTmWYu.o
 .data          0x2000001c        0x0 C:\Users\Robin\AppData\Local\Temp\cc7pA3im.o
 .data          0x2000001c        0x0 C:\Users\Robin\AppData\Local\Temp\ccaky3Ah.o
 .data          0x2000001c        0x0 C:\Users\Robin\AppData\Local\Temp\ccXBGaUi.o
 .data          0x2000001c        0x0 C:\Users\Robin\AppData\Local\Temp\cch09sXk.o
 .data          0x2000001c        0x0 C:\Users\Robin\AppData\Local\Temp\ccP7KT9p.o
 .data          0x2000001c        0x0 C:\Users\Robin\AppData\Local\Temp\ccXR8VDD.o
 .data          0x2000001c        0x0 C:\Users\Robin\AppData\Local\Temp\cc7mMgNW.o
 .data          0x2000001c        0x0 C:\Users\Robin\AppData\Local\Temp\cc7QtU3k.o
 .data          0x2000001c        0x0 C:\Users\Robin\AppData\Local\Temp\ccZywsoS.o
 .data          0x2000001c        0x0 C:\Users\Robin\AppData\Local\Temp\ccv964Sz.o
 .data          0x2000001c        0x0 C:\Users\Robin\AppData\Local\Temp\ccvRZ4vo.o
 .data          0x2000001c        0x0 C:\Users\Robin\AppData\Local\Temp\cchsY74k.o
 .data          0x2000001c        0x0 C:\Users\Robin\AppData\Local\Temp\ccz1bRto.o
 .data          0x2000001c        0x0 C:\Users\Robin\AppData\Local\Temp\ccBe2Zty.o
 .data          0x2000001c        0x0 C:\Users\Robin\AppData\Local\Temp\ccuQzTsH.o
 .data          0x2000001c        0x0 C:\Users\Robin\AppData\Local\Temp\cc5yFQiU.o
 .data          0x2000001c        0x0 C:\Users\Robin\AppData\Local\Temp\ccCpgVlf.o
 .data          0x2000001c       0x10 C:\Users\Robin\AppData\Local\Temp\ccvfRIkJ.o
 .data          0x2000002c        0x0 C:\Users\Robin\AppData\Local\Temp\cckDOa7g.o
 .data          0x2000002c        0x0 C:\Users\Robin\AppData\Local\Temp\ccrUhHD2.o
 .data          0x2000002c        0x0 C:\Users\Robin\AppData\Local\Temp\ccYa46nY.o
 .data          0x2000002c        0x0 C:\Users\Robin\AppData\Local\Temp\ccrhEM6Z.o
 .data          0x2000002c        0x0 C:\Users\Robin\AppData\Local\Temp\ccoRPv56.o
 .data          0x2000002c        0x0 C:\Users\Robin\AppData\Local\Temp\cccGBkEm.o
 .data          0x2000002c        0x0 C:\Users\Robin\AppData\Local\Temp\ccKEqyZH.o
 .data          0x2000002c        0x0 C:\Users\Robin\AppData\Local\Temp\ccmRtSJb.o
 .data          0x2000002c        0x0 C:\Users\Robin\AppData\Local\Temp\ccQ9VScI.o
 .data          0x2000002c        0x0 c:/program files (x86)/gnu tools arm embedded/4.7 2013q1/bin/../lib/gcc/arm-none-eabi/4.7.3/../../../../arm-none-eabi/lib/armv7e-m/fpu\libm.a(lib_a-wf_sqrt.o)
 .data          0x2000002c        0x0 c:/program files (x86)/gnu tools arm embedded/4.7 2013q1/bin/../lib/gcc/arm-none-eabi/4.7.3/../../../../arm-none-eabi/lib/armv7e-m/fpu\libm.a(lib_a-ef_sqrt.o)
 .data          0x2000002c        0x0 c:/program files (x86)/gnu tools arm embedded/4.7 2013q1/bin/../lib/gcc/arm-none-eabi/4.7.3/../../../../arm-none-eabi/lib/armv7e-m/fpu\libm.a(lib_a-s_lib_ver.o)
 .data          0x2000002c        0x0 c:/program files (x86)/gnu tools arm embedded/4.7 2013q1/bin/../lib/gcc/arm-none-eabi/4.7.3/../../../../arm-none-eabi/lib/armv7e-m/fpu\libm.a(lib_a-s_matherr.o)
 .data          0x2000002c        0x0 c:/program files (x86)/gnu tools arm embedded/4.7 2013q1/bin/../lib/gcc/arm-none-eabi/4.7.3/../../../../arm-none-eabi/lib/armv7e-m/fpu\libm.a(lib_a-sf_fpclassify.o)
 .data          0x2000002c        0x0 c:/program files (x86)/gnu tools arm embedded/4.7 2013q1/bin/../lib/gcc/arm-none-eabi/4.7.3/../../../../arm-none-eabi/lib/armv7e-m/fpu\libg.a(lib_a-errno.o)
 .data          0x2000002c        0x0 c:/program files (x86)/gnu tools arm embedded/4.7 2013q1/bin/../lib/gcc/arm-none-eabi/4.7.3/../../../../arm-none-eabi/lib/armv7e-m/fpu\libg.a(lib_a-printf.o)
 .data          0x2000002c        0x0 c:/program files (x86)/gnu tools arm embedded/4.7 2013q1/bin/../lib/gcc/arm-none-eabi/4.7.3/../../../../arm-none-eabi/lib/armv7e-m/fpu\libg.a(lib_a-puts.o)
 .data          0x2000002c        0x0 c:/program files (x86)/gnu tools arm embedded/4.7 2013q1/bin/../lib/gcc/arm-none-eabi/4.7.3/../../../../arm-none-eabi/lib/armv7e-m/fpu\libg.a(lib_a-strlen.o)
 .data          0x2000002c        0x0 c:/program files (x86)/gnu tools arm embedded/4.7 2013q1/bin/../lib/gcc/arm-none-eabi/4.7.3/../../../../arm-none-eabi/lib/armv7e-m/fpu\libg.a(lib_a-vfprintf.o)
 .data          0x2000002c        0x0 c:/program files (x86)/gnu tools arm embedded/4.7 2013q1/bin/../lib/gcc/arm-none-eabi/4.7.3/../../../../arm-none-eabi/lib/armv7e-m/fpu\libg.a(lib_a-wsetup.o)
 .data          0x2000002c        0x0 c:/program files (x86)/gnu tools arm embedded/4.7 2013q1/bin/../lib/gcc/arm-none-eabi/4.7.3/../../../../arm-none-eabi/lib/armv7e-m/fpu\libg.a(lib_a-dtoa.o)
 .data          0x2000002c        0x0 c:/program files (x86)/gnu tools arm embedded/4.7 2013q1/bin/../lib/gcc/arm-none-eabi/4.7.3/../../../../arm-none-eabi/lib/armv7e-m/fpu\libg.a(lib_a-fflush.o)
 .data          0x2000002c        0x0 c:/program files (x86)/gnu tools arm embedded/4.7 2013q1/bin/../lib/gcc/arm-none-eabi/4.7.3/../../../../arm-none-eabi/lib/armv7e-m/fpu\libg.a(lib_a-findfp.o)
 .data          0x2000002c        0x0 c:/program files (x86)/gnu tools arm embedded/4.7 2013q1/bin/../lib/gcc/arm-none-eabi/4.7.3/../../../../arm-none-eabi/lib/armv7e-m/fpu\libg.a(lib_a-freer.o)
 .data          0x2000002c        0x0 c:/program files (x86)/gnu tools arm embedded/4.7 2013q1/bin/../lib/gcc/arm-none-eabi/4.7.3/../../../../arm-none-eabi/lib/armv7e-m/fpu\libg.a(lib_a-fvwrite.o)
 .data          0x2000002c        0x0 c:/program files (x86)/gnu tools arm embedded/4.7 2013q1/bin/../lib/gcc/arm-none-eabi/4.7.3/../../../../arm-none-eabi/lib/armv7e-m/fpu\libg.a(lib_a-fwalk.o)
 .data          0x2000002c        0x0 c:/program files (x86)/gnu tools arm embedded/4.7 2013q1/bin/../lib/gcc/arm-none-eabi/4.7.3/../../../../arm-none-eabi/lib/armv7e-m/fpu\libg.a(lib_a-locale.o)
 .data          0x2000002c        0x0 c:/program files (x86)/gnu tools arm embedded/4.7 2013q1/bin/../lib/gcc/arm-none-eabi/4.7.3/../../../../arm-none-eabi/lib/armv7e-m/fpu\libg.a(lib_a-makebuf.o)
 .data          0x2000002c        0x0 c:/program files (x86)/gnu tools arm embedded/4.7 2013q1/bin/../lib/gcc/arm-none-eabi/4.7.3/../../../../arm-none-eabi/lib/armv7e-m/fpu\libg.a(lib_a-mallocr.o)
 .data          0x2000002c        0x0 c:/program files (x86)/gnu tools arm embedded/4.7 2013q1/bin/../lib/gcc/arm-none-eabi/4.7.3/../../../../arm-none-eabi/lib/armv7e-m/fpu\libg.a(lib_a-memchr.o)
 .data          0x2000002c        0x0 c:/program files (x86)/gnu tools arm embedded/4.7 2013q1/bin/../lib/gcc/arm-none-eabi/4.7.3/../../../../arm-none-eabi/lib/armv7e-m/fpu\libg.a(lib_a-memcpy.o)
 .data          0x2000002c        0x0 c:/program files (x86)/gnu tools arm embedded/4.7 2013q1/bin/../lib/gcc/arm-none-eabi/4.7.3/../../../../arm-none-eabi/lib/armv7e-m/fpu\libg.a(lib_a-memmove.o)
 .data          0x2000002c        0x0 c:/program files (x86)/gnu tools arm embedded/4.7 2013q1/bin/../lib/gcc/arm-none-eabi/4.7.3/../../../../arm-none-eabi/lib/armv7e-m/fpu\libg.a(lib_a-mlock.o)
 .data          0x2000002c        0x0 c:/program files (x86)/gnu tools arm embedded/4.7 2013q1/bin/../lib/gcc/arm-none-eabi/4.7.3/../../../../arm-none-eabi/lib/armv7e-m/fpu\libg.a(lib_a-mprec.o)
 .data          0x2000002c        0x0 c:/program files (x86)/gnu tools arm embedded/4.7 2013q1/bin/../lib/gcc/arm-none-eabi/4.7.3/../../../../arm-none-eabi/lib/armv7e-m/fpu\libg.a(lib_a-reallocr.o)
 .data          0x2000002c        0x0 c:/program files (x86)/gnu tools arm embedded/4.7 2013q1/bin/../lib/gcc/arm-none-eabi/4.7.3/../../../../arm-none-eabi/lib/armv7e-m/fpu\libg.a(lib_a-s_fpclassify.o)
 .data          0x2000002c        0x0 c:/program files (x86)/gnu tools arm embedded/4.7 2013q1/bin/../lib/gcc/arm-none-eabi/4.7.3/../../../../arm-none-eabi/lib/armv7e-m/fpu\libg.a(lib_a-sbrkr.o)
 .data          0x2000002c        0x0 c:/program files (x86)/gnu tools arm embedded/4.7 2013q1/bin/../lib/gcc/arm-none-eabi/4.7.3/../../../../arm-none-eabi/lib/armv7e-m/fpu\libg.a(lib_a-stdio.o)
 .data          0x2000002c        0x0 c:/program files (x86)/gnu tools arm embedded/4.7 2013q1/bin/../lib/gcc/arm-none-eabi/4.7.3/../../../../arm-none-eabi/lib/armv7e-m/fpu\libg.a(lib_a-strcmp.o)
 .data          0x2000002c        0x0 c:/program files (x86)/gnu tools arm embedded/4.7 2013q1/bin/../lib/gcc/arm-none-eabi/4.7.3/../../../../arm-none-eabi/lib/armv7e-m/fpu\libg.a(lib_a-vfiprintf.o)
 .data          0x2000002c        0x0 c:/program files (x86)/gnu tools arm embedded/4.7 2013q1/bin/../lib/gcc/arm-none-eabi/4.7.3/../../../../arm-none-eabi/lib/armv7e-m/fpu\libg.a(lib_a-writer.o)
 .data          0x2000002c        0x0 c:/program files (x86)/gnu tools arm embedded/4.7 2013q1/bin/../lib/gcc/arm-none-eabi/4.7.3/../../../../arm-none-eabi/lib/armv7e-m/fpu\libg.a(lib_a-callocr.o)
 .data          0x2000002c        0x0 c:/program files (x86)/gnu tools arm embedded/4.7 2013q1/bin/../lib/gcc/arm-none-eabi/4.7.3/../../../../arm-none-eabi/lib/armv7e-m/fpu\libg.a(lib_a-closer.o)
 .data          0x2000002c        0x0 c:/program files (x86)/gnu tools arm embedded/4.7 2013q1/bin/../lib/gcc/arm-none-eabi/4.7.3/../../../../arm-none-eabi/lib/armv7e-m/fpu\libg.a(lib_a-fclose.o)
 .data          0x2000002c        0x0 c:/program files (x86)/gnu tools arm embedded/4.7 2013q1/bin/../lib/gcc/arm-none-eabi/4.7.3/../../../../arm-none-eabi/lib/armv7e-m/fpu\libg.a(lib_a-fputwc.o)
 .data          0x2000002c        0x0 c:/program files (x86)/gnu tools arm embedded/4.7 2013q1/bin/../lib/gcc/arm-none-eabi/4.7.3/../../../../arm-none-eabi/lib/armv7e-m/fpu\libg.a(lib_a-fstatr.o)
 .data          0x2000002c        0x0 c:/program files (x86)/gnu tools arm embedded/4.7 2013q1/bin/../lib/gcc/arm-none-eabi/4.7.3/../../../../arm-none-eabi/lib/armv7e-m/fpu\libg.a(lib_a-isattyr.o)
 .data          0x2000002c        0x0 c:/program files (x86)/gnu tools arm embedded/4.7 2013q1/bin/../lib/gcc/arm-none-eabi/4.7.3/../../../../arm-none-eabi/lib/armv7e-m/fpu\libg.a(lib_a-lseekr.o)
 .data          0x2000002c        0x0 c:/program files (x86)/gnu tools arm embedded/4.7 2013q1/bin/../lib/gcc/arm-none-eabi/4.7.3/../../../../arm-none-eabi/lib/armv7e-m/fpu\libg.a(lib_a-readr.o)
 .data          0x2000002c        0x0 c:/program files (x86)/gnu tools arm embedded/4.7 2013q1/bin/../lib/gcc/arm-none-eabi/4.7.3/../../../../arm-none-eabi/lib/armv7e-m/fpu\libg.a(lib_a-reent.o)
 .data          0x2000002c        0x0 c:/program files (x86)/gnu tools arm embedded/4.7 2013q1/bin/../lib/gcc/arm-none-eabi/4.7.3/../../../../arm-none-eabi/lib/armv7e-m/fpu\libg.a(lib_a-wbuf.o)
 .data          0x2000002c        0x0 c:/program files (x86)/gnu tools arm embedded/4.7 2013q1/bin/../lib/gcc/arm-none-eabi/4.7.3/../../../../arm-none-eabi/lib/armv7e-m/fpu\libg.a(lib_a-wcrtomb.o)
 .data          0x2000002c        0x0 c:/program files (x86)/gnu tools arm embedded/4.7 2013q1/bin/../lib/gcc/arm-none-eabi/4.7.3/../../../../arm-none-eabi/lib/armv7e-m/fpu\libg.a(lib_a-wctomb_r.o)
 .data          0x2000002c        0x0 lib/cmsis\libarm_cortexM4lf_math.a(arm_rms_f32.o)
 .data          0x2000002c        0x0 lib/cmsis\libarm_cortexM4lf_math.a(arm_mean_f32.o)
 .data          0x2000002c        0x0 lib/cmsis\libarm_cortexM4lf_math.a(arm_cfft_radix4_init_f32.o)
 .data          0x2000002c        0x0 lib/cmsis\libarm_cortexM4lf_math.a(arm_cfft_radix4_f32.o)
 .data          0x2000002c        0x0 lib/cmsis\libarm_cortexM4lf_math.a(arm_bitreversal.o)
 .data          0x2000002c        0x0 lib/cmsis\libarm_cortexM4lf_math.a(arm_cmplx_mult_real_f32.o)
 .data          0x2000002c        0x0 lib/cmsis\libarm_cortexM4lf_math.a(arm_cmplx_mult_cmplx_f32.o)
 .data          0x2000002c        0x0 lib/cmsis\libarm_cortexM4lf_math.a(arm_cmplx_mag_f32.o)
 .data          0x2000002c        0x0 lib/cmsis\libarm_cortexM4lf_math.a(arm_cmplx_conj_f32.o)
 .data          0x2000002c        0x0 lib/cmsis\libarm_cortexM4lf_math.a(arm_scale_f32.o)
 .data          0x2000002c        0x0 lib/cmsis\libarm_cortexM4lf_math.a(arm_offset_f32.o)
 .data          0x2000002c        0x0 lib/cmsis\libarm_cortexM4lf_math.a(arm_common_tables.o)
 .data          0x2000002c        0x0 c:/program files (x86)/gnu tools arm embedded/4.7 2013q1/bin/../lib/gcc/arm-none-eabi/4.7.3/armv7e-m/fpu\libgcc.a(_arm_addsubdf3.o)
 .data          0x2000002c        0x0 c:/program files (x86)/gnu tools arm embedded/4.7 2013q1/bin/../lib/gcc/arm-none-eabi/4.7.3/armv7e-m/fpu\libgcc.a(_arm_muldivdf3.o)
 .data          0x2000002c        0x0 c:/program files (x86)/gnu tools arm embedded/4.7 2013q1/bin/../lib/gcc/arm-none-eabi/4.7.3/armv7e-m/fpu\libgcc.a(_arm_cmpdf2.o)
 .data          0x2000002c        0x0 c:/program files (x86)/gnu tools arm embedded/4.7 2013q1/bin/../lib/gcc/arm-none-eabi/4.7.3/armv7e-m/fpu\libgcc.a(_arm_fixdfsi.o)
 .data          0x2000002c        0x0 c:/program files (x86)/gnu tools arm embedded/4.7 2013q1/bin/../lib/gcc/arm-none-eabi/4.7.3/armv7e-m/fpu\libgcc.a(_arm_truncdfsf2.o)
 .data          0x2000002c        0x0 c:/program files (x86)/gnu tools arm embedded/4.7 2013q1/bin/../lib/gcc/arm-none-eabi/4.7.3/armv7e-m/fpu\libgcc.a(_aeabi_uldivmod.o)
 .data          0x2000002c        0x0 c:/program files (x86)/gnu tools arm embedded/4.7 2013q1/bin/../lib/gcc/arm-none-eabi/4.7.3/armv7e-m/fpu\libgcc.a(bpabi.o)
 .data          0x2000002c        0x0 c:/program files (x86)/gnu tools arm embedded/4.7 2013q1/bin/../lib/gcc/arm-none-eabi/4.7.3/armv7e-m/fpu\libgcc.a(_dvmd_tls.o)
 .data          0x2000002c        0x0 c:/program files (x86)/gnu tools arm embedded/4.7 2013q1/bin/../lib/gcc/arm-none-eabi/4.7.3/armv7e-m/fpu\libgcc.a(_divdi3.o)
 .data          0x2000002c        0x0 c:/program files (x86)/gnu tools arm embedded/4.7 2013q1/bin/../lib/gcc/arm-none-eabi/4.7.3/armv7e-m/fpu\libgcc.a(_udivdi3.o)
 .data          0x2000002c        0x0 c:/program files (x86)/gnu tools arm embedded/4.7 2013q1/bin/../lib/gcc/arm-none-eabi/4.7.3/armv7e-m/fpu/crtend.o
 .data          0x2000002c        0x0 c:/program files (x86)/gnu tools arm embedded/4.7 2013q1/bin/../lib/gcc/arm-none-eabi/4.7.3/armv7e-m/fpu/crtn.o
 *(.data*)
 *fill*         0x2000002c        0x4 00
 .data.impure_data
                0x20000030      0x428 c:/program files (x86)/gnu tools arm embedded/4.7 2013q1/bin/../lib/gcc/arm-none-eabi/4.7.3/../../../../arm-none-eabi/lib/armv7e-m/fpu\libc.a(lib_a-impure.o)
 .data._impure_ptr
                0x20000458        0x4 c:/program files (x86)/gnu tools arm embedded/4.7 2013q1/bin/../lib/gcc/arm-none-eabi/4.7.3/../../../../arm-none-eabi/lib/armv7e-m/fpu\libc.a(lib_a-impure.o)
                0x20000458                _impure_ptr
 .data.__fdlib_version
                0x2000045c        0x1 c:/program files (x86)/gnu tools arm embedded/4.7 2013q1/bin/../lib/gcc/arm-none-eabi/4.7.3/../../../../arm-none-eabi/lib/armv7e-m/fpu\libm.a(lib_a-s_lib_ver.o)
                0x2000045c                __fdlib_version
 *fill*         0x2000045d        0x3 00
 .data.lc_message_charset
                0x20000460       0x20 c:/program files (x86)/gnu tools arm embedded/4.7 2013q1/bin/../lib/gcc/arm-none-eabi/4.7.3/../../../../arm-none-eabi/lib/armv7e-m/fpu\libg.a(lib_a-locale.o)
 .data.lconv    0x20000480       0x38 c:/program files (x86)/gnu tools arm embedded/4.7 2013q1/bin/../lib/gcc/arm-none-eabi/4.7.3/../../../../arm-none-eabi/lib/armv7e-m/fpu\libg.a(lib_a-locale.o)
 .data.lc_ctype_charset
                0x200004b8       0x20 c:/program files (x86)/gnu tools arm embedded/4.7 2013q1/bin/../lib/gcc/arm-none-eabi/4.7.3/../../../../arm-none-eabi/lib/armv7e-m/fpu\libg.a(lib_a-locale.o)
 .data.__mb_cur_max
                0x200004d8        0x4 c:/program files (x86)/gnu tools arm embedded/4.7 2013q1/bin/../lib/gcc/arm-none-eabi/4.7.3/../../../../arm-none-eabi/lib/armv7e-m/fpu\libg.a(lib_a-locale.o)
                0x200004d8                __mb_cur_max
 .data.__malloc_av_
                0x200004dc      0x408 c:/program files (x86)/gnu tools arm embedded/4.7 2013q1/bin/../lib/gcc/arm-none-eabi/4.7.3/../../../../arm-none-eabi/lib/armv7e-m/fpu\libg.a(lib_a-mallocr.o)
                0x200004dc                __malloc_av_
 .data.__malloc_trim_threshold
                0x200008e4        0x4 c:/program files (x86)/gnu tools arm embedded/4.7 2013q1/bin/../lib/gcc/arm-none-eabi/4.7.3/../../../../arm-none-eabi/lib/armv7e-m/fpu\libg.a(lib_a-mallocr.o)
                0x200008e4                __malloc_trim_threshold
 .data.__malloc_sbrk_base
                0x200008e8        0x4 c:/program files (x86)/gnu tools arm embedded/4.7 2013q1/bin/../lib/gcc/arm-none-eabi/4.7.3/../../../../arm-none-eabi/lib/armv7e-m/fpu\libg.a(lib_a-mallocr.o)
                0x200008e8                __malloc_sbrk_base
 .data.__wctomb
                0x200008ec        0x4 c:/program files (x86)/gnu tools arm embedded/4.7 2013q1/bin/../lib/gcc/arm-none-eabi/4.7.3/../../../../arm-none-eabi/lib/armv7e-m/fpu\libg.a(lib_a-wctomb_r.o)
                0x200008ec                __wctomb
                0x200008f0                . = ALIGN (0x4)
                0x200008f0                _edata = .

.jcr            0x200008f0        0x0 load address 0x0801a330
 .jcr           0x200008f0        0x0 c:/program files (x86)/gnu tools arm embedded/4.7 2013q1/bin/../lib/gcc/arm-none-eabi/4.7.3/armv7e-m/fpu/crtbegin.o

.igot.plt       0x200008f0        0x0 load address 0x0801a330
 .igot.plt      0x00000000        0x0 c:/program files (x86)/gnu tools arm embedded/4.7 2013q1/bin/../lib/gcc/arm-none-eabi/4.7.3/armv7e-m/fpu/crtbegin.o

.co_stack       0x200008f0      0x800 load address 0x0801a330
 .co_stack      0x200008f0      0x800 C:\Users\Robin\AppData\Local\Temp\ccQ9VScI.o
                0x200008f0                pulStack

.bss            0x200010f0     0x3064 load address 0x0801ab30
                0x200010f0                . = ALIGN (0x4)
                0x200010f0                _sbss = .
 *(.bss*)
 .bss           0x200010f0       0x1c c:/program files (x86)/gnu tools arm embedded/4.7 2013q1/bin/../lib/gcc/arm-none-eabi/4.7.3/armv7e-m/fpu/crtbegin.o
 .bss           0x2000110c        0xc C:\Users\Robin\AppData\Local\Temp\cc00CmLX.o
                0x2000110c                DmaStateRight
                0x2000110d                DmaStateLeft
 .bss           0x20001118        0x4 C:\Users\Robin\AppData\Local\Temp\ccOfWSYa.o
 .bss.__malloc_max_total_mem
                0x2000111c        0x4 c:/program files (x86)/gnu tools arm embedded/4.7 2013q1/bin/../lib/gcc/arm-none-eabi/4.7.3/../../../../arm-none-eabi/lib/armv7e-m/fpu\libg.a(lib_a-mallocr.o)
                0x2000111c                __malloc_max_total_mem
 .bss.__malloc_max_sbrked_mem
                0x20001120        0x4 c:/program files (x86)/gnu tools arm embedded/4.7 2013q1/bin/../lib/gcc/arm-none-eabi/4.7.3/../../../../arm-none-eabi/lib/armv7e-m/fpu\libg.a(lib_a-mallocr.o)
                0x20001120                __malloc_max_sbrked_mem
 .bss.__malloc_top_pad
                0x20001124        0x4 c:/program files (x86)/gnu tools arm embedded/4.7 2013q1/bin/../lib/gcc/arm-none-eabi/4.7.3/../../../../arm-none-eabi/lib/armv7e-m/fpu\libg.a(lib_a-mallocr.o)
                0x20001124                __malloc_top_pad
 .bss.__malloc_current_mallinfo
                0x20001128       0x28 c:/program files (x86)/gnu tools arm embedded/4.7 2013q1/bin/../lib/gcc/arm-none-eabi/4.7.3/../../../../arm-none-eabi/lib/armv7e-m/fpu\libg.a(lib_a-mallocr.o)
                0x20001128                __malloc_current_mallinfo
 *(COMMON)
 COMMON         0x20001150     0x3000 C:\Users\Robin\AppData\Local\Temp\cc00CmLX.o
                0x20001150                bufferL
                0x20001550                xC
                0x20001d50                xR
                0x20002150                bufferR
                0x20002550                xL
                0x20002950                xCR
                0x20003150                mag
                0x20003950                xCL
 COMMON         0x20004150        0x4 c:/program files (x86)/gnu tools arm embedded/4.7 2013q1/bin/../lib/gcc/arm-none-eabi/4.7.3/../../../../arm-none-eabi/lib/armv7e-m/fpu\libg.a(lib_a-reent.o)
                0x20004150                errno
                0x20004154                . = ALIGN (0x4)
                0x20004154                _ebss = .
                0x20004154                . = ALIGN (0x4)
                0x20004154                _end = .
                0x20020000                _stack_top = sram_top

DISCARD         0x20004154      0x308
 libc.a(*)
 .ARM.attributes
                0x20004154       0x36 c:/program files (x86)/gnu tools arm embedded/4.7 2013q1/bin/../lib/gcc/arm-none-eabi/4.7.3/../../../../arm-none-eabi/lib/armv7e-m/fpu\libc.a(lib_a-__atexit.o)
 *fill*         0x2000418a        0x2 00
 .debug_frame   0x2000418c       0x34 c:/program files (x86)/gnu tools arm embedded/4.7 2013q1/bin/../lib/gcc/arm-none-eabi/4.7.3/../../../../arm-none-eabi/lib/armv7e-m/fpu\libc.a(lib_a-__atexit.o)
 .ARM.attributes
                0x200041c0       0x36 c:/program files (x86)/gnu tools arm embedded/4.7 2013q1/bin/../lib/gcc/arm-none-eabi/4.7.3/../../../../arm-none-eabi/lib/armv7e-m/fpu\libc.a(lib_a-__call_atexit.o)
 *fill*         0x200041f6        0x2 00
 .debug_frame   0x200041f8       0x48 c:/program files (x86)/gnu tools arm embedded/4.7 2013q1/bin/../lib/gcc/arm-none-eabi/4.7.3/../../../../arm-none-eabi/lib/armv7e-m/fpu\libc.a(lib_a-__call_atexit.o)
 .ARM.attributes
                0x20004240       0x36 c:/program files (x86)/gnu tools arm embedded/4.7 2013q1/bin/../lib/gcc/arm-none-eabi/4.7.3/../../../../arm-none-eabi/lib/armv7e-m/fpu\libc.a(lib_a-atexit.o)
 *fill*         0x20004276        0x2 00
 .debug_frame   0x20004278       0x20 c:/program files (x86)/gnu tools arm embedded/4.7 2013q1/bin/../lib/gcc/arm-none-eabi/4.7.3/../../../../arm-none-eabi/lib/armv7e-m/fpu\libc.a(lib_a-atexit.o)
 .ARM.attributes
                0x20004298       0x36 c:/program files (x86)/gnu tools arm embedded/4.7 2013q1/bin/../lib/gcc/arm-none-eabi/4.7.3/../../../../arm-none-eabi/lib/armv7e-m/fpu\libc.a(lib_a-exit.o)
 *fill*         0x200042ce        0x2 00
 .debug_frame   0x200042d0       0x28 c:/program files (x86)/gnu tools arm embedded/4.7 2013q1/bin/../lib/gcc/arm-none-eabi/4.7.3/../../../../arm-none-eabi/lib/armv7e-m/fpu\libc.a(lib_a-exit.o)
 .ARM.attributes
                0x200042f8       0x36 c:/program files (x86)/gnu tools arm embedded/4.7 2013q1/bin/../lib/gcc/arm-none-eabi/4.7.3/../../../../arm-none-eabi/lib/armv7e-m/fpu\libc.a(lib_a-fini.o)
 *fill*         0x2000432e        0x2 00
 .debug_frame   0x20004330       0x2c c:/program files (x86)/gnu tools arm embedded/4.7 2013q1/bin/../lib/gcc/arm-none-eabi/4.7.3/../../../../arm-none-eabi/lib/armv7e-m/fpu\libc.a(lib_a-fini.o)
 .ARM.attributes
                0x2000435c       0x36 c:/program files (x86)/gnu tools arm embedded/4.7 2013q1/bin/../lib/gcc/arm-none-eabi/4.7.3/../../../../arm-none-eabi/lib/armv7e-m/fpu\libc.a(lib_a-impure.o)
 .ARM.attributes
                0x20004392       0x36 c:/program files (x86)/gnu tools arm embedded/4.7 2013q1/bin/../lib/gcc/arm-none-eabi/4.7.3/../../../../arm-none-eabi/lib/armv7e-m/fpu\libc.a(lib_a-init.o)
 .debug_frame   0x200043c8       0x30 c:/program files (x86)/gnu tools arm embedded/4.7 2013q1/bin/../lib/gcc/arm-none-eabi/4.7.3/../../../../arm-none-eabi/lib/armv7e-m/fpu\libc.a(lib_a-init.o)
 .ARM.attributes
                0x200043f8       0x36 c:/program files (x86)/gnu tools arm embedded/4.7 2013q1/bin/../lib/gcc/arm-none-eabi/4.7.3/../../../../arm-none-eabi/lib/armv7e-m/fpu\libc.a(lib_a-memset.o)
 *fill*         0x2000442e        0x2 00
 .debug_frame   0x20004430       0x2c c:/program files (x86)/gnu tools arm embedded/4.7 2013q1/bin/../lib/gcc/arm-none-eabi/4.7.3/../../../../arm-none-eabi/lib/armv7e-m/fpu\libc.a(lib_a-memset.o)
 libm.a(*)
 libgcc.a(*)
LOAD C:\Users\Robin\AppData\Local\Temp\cc00CmLX.o
LOAD C:\Users\Robin\AppData\Local\Temp\cc8394VB.o
LOAD C:\Users\Robin\AppData\Local\Temp\cc4AjMil.o
LOAD C:\Users\Robin\AppData\Local\Temp\ccOfWSYa.o
LOAD C:\Users\Robin\AppData\Local\Temp\ccYDflV8.o
LOAD C:\Users\Robin\AppData\Local\Temp\ccSP65Ja.o
LOAD C:\Users\Robin\AppData\Local\Temp\ccpNKMlf.o
LOAD C:\Users\Robin\AppData\Local\Temp\ccY7JCtx.o
LOAD C:\Users\Robin\AppData\Local\Temp\cc1pgWzW.o
LOAD C:\Users\Robin\AppData\Local\Temp\ccqTmWYu.o
LOAD C:\Users\Robin\AppData\Local\Temp\cc7pA3im.o
LOAD C:\Users\Robin\AppData\Local\Temp\ccaky3Ah.o
LOAD C:\Users\Robin\AppData\Local\Temp\ccXBGaUi.o
LOAD C:\Users\Robin\AppData\Local\Temp\cch09sXk.o
LOAD C:\Users\Robin\AppData\Local\Temp\ccP7KT9p.o
LOAD C:\Users\Robin\AppData\Local\Temp\ccXR8VDD.o
LOAD C:\Users\Robin\AppData\Local\Temp\cc7mMgNW.o
LOAD C:\Users\Robin\AppData\Local\Temp\cc7QtU3k.o
LOAD C:\Users\Robin\AppData\Local\Temp\ccZywsoS.o
LOAD C:\Users\Robin\AppData\Local\Temp\ccv964Sz.o
LOAD C:\Users\Robin\AppData\Local\Temp\ccvRZ4vo.o
LOAD C:\Users\Robin\AppData\Local\Temp\cchsY74k.o
LOAD C:\Users\Robin\AppData\Local\Temp\ccz1bRto.o
LOAD C:\Users\Robin\AppData\Local\Temp\ccBe2Zty.o
LOAD C:\Users\Robin\AppData\Local\Temp\ccuQzTsH.o
LOAD C:\Users\Robin\AppData\Local\Temp\cc5yFQiU.o
LOAD C:\Users\Robin\AppData\Local\Temp\ccCpgVlf.o
LOAD C:\Users\Robin\AppData\Local\Temp\ccvfRIkJ.o
LOAD C:\Users\Robin\AppData\Local\Temp\cckDOa7g.o
LOAD C:\Users\Robin\AppData\Local\Temp\ccrUhHD2.o
LOAD C:\Users\Robin\AppData\Local\Temp\ccYa46nY.o
LOAD C:\Users\Robin\AppData\Local\Temp\ccrhEM6Z.o
LOAD C:\Users\Robin\AppData\Local\Temp\ccoRPv56.o
LOAD C:\Users\Robin\AppData\Local\Temp\cccGBkEm.o
LOAD C:\Users\Robin\AppData\Local\Temp\ccKEqyZH.o
LOAD C:\Users\Robin\AppData\Local\Temp\ccmRtSJb.o
LOAD C:\Users\Robin\AppData\Local\Temp\ccQ9VScI.o
LOAD c:/program files (x86)/gnu tools arm embedded/4.7 2013q1/bin/../lib/gcc/arm-none-eabi/4.7.3/../../../../arm-none-eabi/lib/armv7e-m/fpu\libm.a
LOAD c:/program files (x86)/gnu tools arm embedded/4.7 2013q1/bin/../lib/gcc/arm-none-eabi/4.7.3/../../../../arm-none-eabi/lib/armv7e-m/fpu\libg.a
LOAD c:/program files (x86)/gnu tools arm embedded/4.7 2013q1/bin/../lib/gcc/arm-none-eabi/4.7.3/../../../../arm-none-eabi/lib/armv7e-m/fpu\libc.a
LOAD c:/program files (x86)/gnu tools arm embedded/4.7 2013q1/bin/../lib/gcc/arm-none-eabi/4.7.3/../../../../arm-none-eabi/lib/armv7e-m/fpu\libnosys.a
LOAD lib/cmsis\libarm_cortexM4lf_math.a
START GROUP
LOAD c:/program files (x86)/gnu tools arm embedded/4.7 2013q1/bin/../lib/gcc/arm-none-eabi/4.7.3/armv7e-m/fpu\libgcc.a
LOAD c:/program files (x86)/gnu tools arm embedded/4.7 2013q1/bin/../lib/gcc/arm-none-eabi/4.7.3/../../../../arm-none-eabi/lib/armv7e-m/fpu\libc.a
END GROUP
LOAD c:/program files (x86)/gnu tools arm embedded/4.7 2013q1/bin/../lib/gcc/arm-none-eabi/4.7.3/armv7e-m/fpu/crtend.o
LOAD c:/program files (x86)/gnu tools arm embedded/4.7 2013q1/bin/../lib/gcc/arm-none-eabi/4.7.3/armv7e-m/fpu/crtn.o
OUTPUT(modulator.elf elf32-littlearm)

.ARM.attributes
                0x00000000       0x32
 .ARM.attributes
                0x00000000       0x24 c:/program files (x86)/gnu tools arm embedded/4.7 2013q1/bin/../lib/gcc/arm-none-eabi/4.7.3/armv7e-m/fpu/crti.o
 .ARM.attributes
                0x00000024       0x36 c:/program files (x86)/gnu tools arm embedded/4.7 2013q1/bin/../lib/gcc/arm-none-eabi/4.7.3/armv7e-m/fpu/crtbegin.o
 .ARM.attributes
                0x0000005a       0x22 c:/program files (x86)/gnu tools arm embedded/4.7 2013q1/bin/../lib/gcc/arm-none-eabi/4.7.3/../../../../arm-none-eabi/lib/armv7e-m/fpu/crt0.o
 .ARM.attributes
                0x0000007c       0x3b C:\Users\Robin\AppData\Local\Temp\cc00CmLX.o
 .ARM.attributes
                0x000000b7       0x3b C:\Users\Robin\AppData\Local\Temp\cc8394VB.o
 .ARM.attributes
                0x000000f2       0x3b C:\Users\Robin\AppData\Local\Temp\cc4AjMil.o
 .ARM.attributes
                0x0000012d       0x3b C:\Users\Robin\AppData\Local\Temp\ccOfWSYa.o
 .ARM.attributes
                0x00000168       0x3b C:\Users\Robin\AppData\Local\Temp\ccYDflV8.o
 .ARM.attributes
                0x000001a3       0x3b C:\Users\Robin\AppData\Local\Temp\ccSP65Ja.o
 .ARM.attributes
                0x000001de       0x3b C:\Users\Robin\AppData\Local\Temp\ccpNKMlf.o
 .ARM.attributes
                0x00000219       0x3b C:\Users\Robin\AppData\Local\Temp\ccY7JCtx.o
 .ARM.attributes
                0x00000254       0x3b C:\Users\Robin\AppData\Local\Temp\cc1pgWzW.o
 .ARM.attributes
                0x0000028f       0x3b C:\Users\Robin\AppData\Local\Temp\ccqTmWYu.o
 .ARM.attributes
                0x000002ca       0x3b C:\Users\Robin\AppData\Local\Temp\cc7pA3im.o
 .ARM.attributes
                0x00000305       0x3b C:\Users\Robin\AppData\Local\Temp\ccaky3Ah.o
 .ARM.attributes
                0x00000340       0x3b C:\Users\Robin\AppData\Local\Temp\ccXBGaUi.o
 .ARM.attributes
                0x0000037b       0x3b C:\Users\Robin\AppData\Local\Temp\cch09sXk.o
 .ARM.attributes
                0x000003b6       0x3b C:\Users\Robin\AppData\Local\Temp\ccP7KT9p.o
 .ARM.attributes
                0x000003f1       0x3b C:\Users\Robin\AppData\Local\Temp\ccXR8VDD.o
 .ARM.attributes
                0x0000042c       0x3b C:\Users\Robin\AppData\Local\Temp\cc7mMgNW.o
 .ARM.attributes
                0x00000467       0x3b C:\Users\Robin\AppData\Local\Temp\cc7QtU3k.o
 .ARM.attributes
                0x000004a2       0x3b C:\Users\Robin\AppData\Local\Temp\ccZywsoS.o
 .ARM.attributes
                0x000004dd       0x3b C:\Users\Robin\AppData\Local\Temp\ccv964Sz.o
 .ARM.attributes
                0x00000518       0x3b C:\Users\Robin\AppData\Local\Temp\ccvRZ4vo.o
 .ARM.attributes
                0x00000553       0x3b C:\Users\Robin\AppData\Local\Temp\cchsY74k.o
 .ARM.attributes
                0x0000058e       0x3b C:\Users\Robin\AppData\Local\Temp\ccz1bRto.o
 .ARM.attributes
                0x000005c9       0x3b C:\Users\Robin\AppData\Local\Temp\ccBe2Zty.o
 .ARM.attributes
                0x00000604       0x3b C:\Users\Robin\AppData\Local\Temp\ccuQzTsH.o
 .ARM.attributes
                0x0000063f       0x3b C:\Users\Robin\AppData\Local\Temp\cc5yFQiU.o
 .ARM.attributes
                0x0000067a       0x3b C:\Users\Robin\AppData\Local\Temp\ccCpgVlf.o
 .ARM.attributes
                0x000006b5       0x3b C:\Users\Robin\AppData\Local\Temp\ccvfRIkJ.o
 .ARM.attributes
                0x000006f0       0x3b C:\Users\Robin\AppData\Local\Temp\cckDOa7g.o
 .ARM.attributes
                0x0000072b       0x3b C:\Users\Robin\AppData\Local\Temp\ccrUhHD2.o
 .ARM.attributes
                0x00000766       0x3b C:\Users\Robin\AppData\Local\Temp\ccYa46nY.o
 .ARM.attributes
                0x000007a1       0x3b C:\Users\Robin\AppData\Local\Temp\ccrhEM6Z.o
 .ARM.attributes
                0x000007dc       0x3b C:\Users\Robin\AppData\Local\Temp\ccoRPv56.o
 .ARM.attributes
                0x00000817       0x3b C:\Users\Robin\AppData\Local\Temp\cccGBkEm.o
 .ARM.attributes
                0x00000852       0x3b C:\Users\Robin\AppData\Local\Temp\ccKEqyZH.o
 .ARM.attributes
                0x0000088d       0x3b C:\Users\Robin\AppData\Local\Temp\ccmRtSJb.o
 .ARM.attributes
                0x000008c8       0x3b C:\Users\Robin\AppData\Local\Temp\ccQ9VScI.o
 .ARM.attributes
                0x00000903       0x36 c:/program files (x86)/gnu tools arm embedded/4.7 2013q1/bin/../lib/gcc/arm-none-eabi/4.7.3/../../../../arm-none-eabi/lib/armv7e-m/fpu\libm.a(lib_a-wf_sqrt.o)
 .ARM.attributes
                0x00000939       0x36 c:/program files (x86)/gnu tools arm embedded/4.7 2013q1/bin/../lib/gcc/arm-none-eabi/4.7.3/../../../../arm-none-eabi/lib/armv7e-m/fpu\libm.a(lib_a-ef_sqrt.o)
 .ARM.attributes
                0x0000096f       0x36 c:/program files (x86)/gnu tools arm embedded/4.7 2013q1/bin/../lib/gcc/arm-none-eabi/4.7.3/../../../../arm-none-eabi/lib/armv7e-m/fpu\libm.a(lib_a-s_lib_ver.o)
 .ARM.attributes
                0x000009a5       0x36 c:/program files (x86)/gnu tools arm embedded/4.7 2013q1/bin/../lib/gcc/arm-none-eabi/4.7.3/../../../../arm-none-eabi/lib/armv7e-m/fpu\libm.a(lib_a-s_matherr.o)
 .ARM.attributes
                0x000009db       0x36 c:/program files (x86)/gnu tools arm embedded/4.7 2013q1/bin/../lib/gcc/arm-none-eabi/4.7.3/../../../../arm-none-eabi/lib/armv7e-m/fpu\libm.a(lib_a-sf_fpclassify.o)
 .ARM.attributes
                0x00000a11       0x36 c:/program files (x86)/gnu tools arm embedded/4.7 2013q1/bin/../lib/gcc/arm-none-eabi/4.7.3/../../../../arm-none-eabi/lib/armv7e-m/fpu\libg.a(lib_a-errno.o)
 .ARM.attributes
                0x00000a47       0x36 c:/program files (x86)/gnu tools arm embedded/4.7 2013q1/bin/../lib/gcc/arm-none-eabi/4.7.3/../../../../arm-none-eabi/lib/armv7e-m/fpu\libg.a(lib_a-printf.o)
 .ARM.attributes
                0x00000a7d       0x36 c:/program files (x86)/gnu tools arm embedded/4.7 2013q1/bin/../lib/gcc/arm-none-eabi/4.7.3/../../../../arm-none-eabi/lib/armv7e-m/fpu\libg.a(lib_a-puts.o)
 .ARM.attributes
                0x00000ab3       0x36 c:/program files (x86)/gnu tools arm embedded/4.7 2013q1/bin/../lib/gcc/arm-none-eabi/4.7.3/../../../../arm-none-eabi/lib/armv7e-m/fpu\libg.a(lib_a-strlen.o)
 .ARM.attributes
                0x00000ae9       0x36 c:/program files (x86)/gnu tools arm embedded/4.7 2013q1/bin/../lib/gcc/arm-none-eabi/4.7.3/../../../../arm-none-eabi/lib/armv7e-m/fpu\libg.a(lib_a-vfprintf.o)
 .ARM.attributes
                0x00000b1f       0x36 c:/program files (x86)/gnu tools arm embedded/4.7 2013q1/bin/../lib/gcc/arm-none-eabi/4.7.3/../../../../arm-none-eabi/lib/armv7e-m/fpu\libg.a(lib_a-wsetup.o)
 .ARM.attributes
                0x00000b55       0x36 c:/program files (x86)/gnu tools arm embedded/4.7 2013q1/bin/../lib/gcc/arm-none-eabi/4.7.3/../../../../arm-none-eabi/lib/armv7e-m/fpu\libg.a(lib_a-dtoa.o)
 .ARM.attributes
                0x00000b8b       0x36 c:/program files (x86)/gnu tools arm embedded/4.7 2013q1/bin/../lib/gcc/arm-none-eabi/4.7.3/../../../../arm-none-eabi/lib/armv7e-m/fpu\libg.a(lib_a-fflush.o)
 .ARM.attributes
                0x00000bc1       0x36 c:/program files (x86)/gnu tools arm embedded/4.7 2013q1/bin/../lib/gcc/arm-none-eabi/4.7.3/../../../../arm-none-eabi/lib/armv7e-m/fpu\libg.a(lib_a-findfp.o)
 .ARM.attributes
                0x00000bf7       0x36 c:/program files (x86)/gnu tools arm embedded/4.7 2013q1/bin/../lib/gcc/arm-none-eabi/4.7.3/../../../../arm-none-eabi/lib/armv7e-m/fpu\libg.a(lib_a-freer.o)
 .ARM.attributes
                0x00000c2d       0x36 c:/program files (x86)/gnu tools arm embedded/4.7 2013q1/bin/../lib/gcc/arm-none-eabi/4.7.3/../../../../arm-none-eabi/lib/armv7e-m/fpu\libg.a(lib_a-fvwrite.o)
 .ARM.attributes
                0x00000c63       0x36 c:/program files (x86)/gnu tools arm embedded/4.7 2013q1/bin/../lib/gcc/arm-none-eabi/4.7.3/../../../../arm-none-eabi/lib/armv7e-m/fpu\libg.a(lib_a-fwalk.o)
 .ARM.attributes
                0x00000c99       0x36 c:/program files (x86)/gnu tools arm embedded/4.7 2013q1/bin/../lib/gcc/arm-none-eabi/4.7.3/../../../../arm-none-eabi/lib/armv7e-m/fpu\libg.a(lib_a-locale.o)
 .ARM.attributes
                0x00000ccf       0x36 c:/program files (x86)/gnu tools arm embedded/4.7 2013q1/bin/../lib/gcc/arm-none-eabi/4.7.3/../../../../arm-none-eabi/lib/armv7e-m/fpu\libg.a(lib_a-makebuf.o)
 .ARM.attributes
                0x00000d05       0x36 c:/program files (x86)/gnu tools arm embedded/4.7 2013q1/bin/../lib/gcc/arm-none-eabi/4.7.3/../../../../arm-none-eabi/lib/armv7e-m/fpu\libg.a(lib_a-mallocr.o)
 .ARM.attributes
                0x00000d3b       0x36 c:/program files (x86)/gnu tools arm embedded/4.7 2013q1/bin/../lib/gcc/arm-none-eabi/4.7.3/../../../../arm-none-eabi/lib/armv7e-m/fpu\libg.a(lib_a-memchr.o)
 .ARM.attributes
                0x00000d71       0x36 c:/program files (x86)/gnu tools arm embedded/4.7 2013q1/bin/../lib/gcc/arm-none-eabi/4.7.3/../../../../arm-none-eabi/lib/armv7e-m/fpu\libg.a(lib_a-memcpy.o)
 .ARM.attributes
                0x00000da7       0x36 c:/program files (x86)/gnu tools arm embedded/4.7 2013q1/bin/../lib/gcc/arm-none-eabi/4.7.3/../../../../arm-none-eabi/lib/armv7e-m/fpu\libg.a(lib_a-memmove.o)
 .ARM.attributes
                0x00000ddd       0x36 c:/program files (x86)/gnu tools arm embedded/4.7 2013q1/bin/../lib/gcc/arm-none-eabi/4.7.3/../../../../arm-none-eabi/lib/armv7e-m/fpu\libg.a(lib_a-mlock.o)
 .ARM.attributes
                0x00000e13       0x36 c:/program files (x86)/gnu tools arm embedded/4.7 2013q1/bin/../lib/gcc/arm-none-eabi/4.7.3/../../../../arm-none-eabi/lib/armv7e-m/fpu\libg.a(lib_a-mprec.o)
 .ARM.attributes
                0x00000e49       0x36 c:/program files (x86)/gnu tools arm embedded/4.7 2013q1/bin/../lib/gcc/arm-none-eabi/4.7.3/../../../../arm-none-eabi/lib/armv7e-m/fpu\libg.a(lib_a-reallocr.o)
 .ARM.attributes
                0x00000e7f       0x36 c:/program files (x86)/gnu tools arm embedded/4.7 2013q1/bin/../lib/gcc/arm-none-eabi/4.7.3/../../../../arm-none-eabi/lib/armv7e-m/fpu\libg.a(lib_a-s_fpclassify.o)
 .ARM.attributes
                0x00000eb5       0x36 c:/program files (x86)/gnu tools arm embedded/4.7 2013q1/bin/../lib/gcc/arm-none-eabi/4.7.3/../../../../arm-none-eabi/lib/armv7e-m/fpu\libg.a(lib_a-sbrkr.o)
 .ARM.attributes
                0x00000eeb       0x36 c:/program files (x86)/gnu tools arm embedded/4.7 2013q1/bin/../lib/gcc/arm-none-eabi/4.7.3/../../../../arm-none-eabi/lib/armv7e-m/fpu\libg.a(lib_a-stdio.o)
 .ARM.attributes
                0x00000f21       0x36 c:/program files (x86)/gnu tools arm embedded/4.7 2013q1/bin/../lib/gcc/arm-none-eabi/4.7.3/../../../../arm-none-eabi/lib/armv7e-m/fpu\libg.a(lib_a-strcmp.o)
 .ARM.attributes
                0x00000f57       0x36 c:/program files (x86)/gnu tools arm embedded/4.7 2013q1/bin/../lib/gcc/arm-none-eabi/4.7.3/../../../../arm-none-eabi/lib/armv7e-m/fpu\libg.a(lib_a-vfiprintf.o)
 .ARM.attributes
                0x00000f8d       0x36 c:/program files (x86)/gnu tools arm embedded/4.7 2013q1/bin/../lib/gcc/arm-none-eabi/4.7.3/../../../../arm-none-eabi/lib/armv7e-m/fpu\libg.a(lib_a-writer.o)
 .ARM.attributes
                0x00000fc3       0x36 c:/program files (x86)/gnu tools arm embedded/4.7 2013q1/bin/../lib/gcc/arm-none-eabi/4.7.3/../../../../arm-none-eabi/lib/armv7e-m/fpu\libg.a(lib_a-callocr.o)
 .ARM.attributes
                0x00000ff9       0x36 c:/program files (x86)/gnu tools arm embedded/4.7 2013q1/bin/../lib/gcc/arm-none-eabi/4.7.3/../../../../arm-none-eabi/lib/armv7e-m/fpu\libg.a(lib_a-closer.o)
 .ARM.attributes
                0x0000102f       0x36 c:/program files (x86)/gnu tools arm embedded/4.7 2013q1/bin/../lib/gcc/arm-none-eabi/4.7.3/../../../../arm-none-eabi/lib/armv7e-m/fpu\libg.a(lib_a-fclose.o)
 .ARM.attributes
                0x00001065       0x36 c:/program files (x86)/gnu tools arm embedded/4.7 2013q1/bin/../lib/gcc/arm-none-eabi/4.7.3/../../../../arm-none-eabi/lib/armv7e-m/fpu\libg.a(lib_a-fputwc.o)
 .ARM.attributes
                0x0000109b       0x36 c:/program files (x86)/gnu tools arm embedded/4.7 2013q1/bin/../lib/gcc/arm-none-eabi/4.7.3/../../../../arm-none-eabi/lib/armv7e-m/fpu\libg.a(lib_a-fstatr.o)
 .ARM.attributes
                0x000010d1       0x36 c:/program files (x86)/gnu tools arm embedded/4.7 2013q1/bin/../lib/gcc/arm-none-eabi/4.7.3/../../../../arm-none-eabi/lib/armv7e-m/fpu\libg.a(lib_a-isattyr.o)
 .ARM.attributes
                0x00001107       0x36 c:/program files (x86)/gnu tools arm embedded/4.7 2013q1/bin/../lib/gcc/arm-none-eabi/4.7.3/../../../../arm-none-eabi/lib/armv7e-m/fpu\libg.a(lib_a-lseekr.o)
 .ARM.attributes
                0x0000113d       0x36 c:/program files (x86)/gnu tools arm embedded/4.7 2013q1/bin/../lib/gcc/arm-none-eabi/4.7.3/../../../../arm-none-eabi/lib/armv7e-m/fpu\libg.a(lib_a-readr.o)
 .ARM.attributes
                0x00001173       0x36 c:/program files (x86)/gnu tools arm embedded/4.7 2013q1/bin/../lib/gcc/arm-none-eabi/4.7.3/../../../../arm-none-eabi/lib/armv7e-m/fpu\libg.a(lib_a-reent.o)
 .ARM.attributes
                0x000011a9       0x36 c:/program files (x86)/gnu tools arm embedded/4.7 2013q1/bin/../lib/gcc/arm-none-eabi/4.7.3/../../../../arm-none-eabi/lib/armv7e-m/fpu\libg.a(lib_a-wbuf.o)
 .ARM.attributes
                0x000011df       0x36 c:/program files (x86)/gnu tools arm embedded/4.7 2013q1/bin/../lib/gcc/arm-none-eabi/4.7.3/../../../../arm-none-eabi/lib/armv7e-m/fpu\libg.a(lib_a-wcrtomb.o)
 .ARM.attributes
                0x00001215       0x36 c:/program files (x86)/gnu tools arm embedded/4.7 2013q1/bin/../lib/gcc/arm-none-eabi/4.7.3/../../../../arm-none-eabi/lib/armv7e-m/fpu\libg.a(lib_a-wctomb_r.o)
 .ARM.attributes
                0x0000124b       0x3b lib/cmsis\libarm_cortexM4lf_math.a(arm_rms_f32.o)
 .ARM.attributes
                0x00001286       0x3b lib/cmsis\libarm_cortexM4lf_math.a(arm_mean_f32.o)
 .ARM.attributes
                0x000012c1       0x3b lib/cmsis\libarm_cortexM4lf_math.a(arm_cfft_radix4_init_f32.o)
 .ARM.attributes
                0x000012fc       0x3b lib/cmsis\libarm_cortexM4lf_math.a(arm_cfft_radix4_f32.o)
 .ARM.attributes
                0x00001337       0x3b lib/cmsis\libarm_cortexM4lf_math.a(arm_bitreversal.o)
 .ARM.attributes
                0x00001372       0x3b lib/cmsis\libarm_cortexM4lf_math.a(arm_cmplx_mult_real_f32.o)
 .ARM.attributes
                0x000013ad       0x3b lib/cmsis\libarm_cortexM4lf_math.a(arm_cmplx_mult_cmplx_f32.o)
 .ARM.attributes
                0x000013e8       0x3b lib/cmsis\libarm_cortexM4lf_math.a(arm_cmplx_mag_f32.o)
 .ARM.attributes
                0x00001423       0x3b lib/cmsis\libarm_cortexM4lf_math.a(arm_cmplx_conj_f32.o)
 .ARM.attributes
                0x0000145e       0x3b lib/cmsis\libarm_cortexM4lf_math.a(arm_scale_f32.o)
 .ARM.attributes
                0x00001499       0x3b lib/cmsis\libarm_cortexM4lf_math.a(arm_offset_f32.o)
 .ARM.attributes
                0x000014d4       0x3b lib/cmsis\libarm_cortexM4lf_math.a(arm_common_tables.o)
 .ARM.attributes
                0x0000150f       0x24 c:/program files (x86)/gnu tools arm embedded/4.7 2013q1/bin/../lib/gcc/arm-none-eabi/4.7.3/armv7e-m/fpu\libgcc.a(_arm_addsubdf3.o)
 .ARM.attributes
                0x00001533       0x24 c:/program files (x86)/gnu tools arm embedded/4.7 2013q1/bin/../lib/gcc/arm-none-eabi/4.7.3/armv7e-m/fpu\libgcc.a(_arm_muldivdf3.o)
 .ARM.attributes
                0x00001557       0x24 c:/program files (x86)/gnu tools arm embedded/4.7 2013q1/bin/../lib/gcc/arm-none-eabi/4.7.3/armv7e-m/fpu\libgcc.a(_arm_cmpdf2.o)
 .ARM.attributes
                0x0000157b       0x24 c:/program files (x86)/gnu tools arm embedded/4.7 2013q1/bin/../lib/gcc/arm-none-eabi/4.7.3/armv7e-m/fpu\libgcc.a(_arm_fixdfsi.o)
 .ARM.attributes
                0x0000159f       0x24 c:/program files (x86)/gnu tools arm embedded/4.7 2013q1/bin/../lib/gcc/arm-none-eabi/4.7.3/armv7e-m/fpu\libgcc.a(_arm_truncdfsf2.o)
 .ARM.attributes
                0x000015c3       0x24 c:/program files (x86)/gnu tools arm embedded/4.7 2013q1/bin/../lib/gcc/arm-none-eabi/4.7.3/armv7e-m/fpu\libgcc.a(_aeabi_uldivmod.o)
 .ARM.attributes
                0x000015e7       0x36 c:/program files (x86)/gnu tools arm embedded/4.7 2013q1/bin/../lib/gcc/arm-none-eabi/4.7.3/armv7e-m/fpu\libgcc.a(bpabi.o)
 .ARM.attributes
                0x0000161d       0x24 c:/program files (x86)/gnu tools arm embedded/4.7 2013q1/bin/../lib/gcc/arm-none-eabi/4.7.3/armv7e-m/fpu\libgcc.a(_dvmd_tls.o)
 .ARM.attributes
                0x00001641       0x36 c:/program files (x86)/gnu tools arm embedded/4.7 2013q1/bin/../lib/gcc/arm-none-eabi/4.7.3/armv7e-m/fpu\libgcc.a(_divdi3.o)
 .ARM.attributes
                0x00001677       0x36 c:/program files (x86)/gnu tools arm embedded/4.7 2013q1/bin/../lib/gcc/arm-none-eabi/4.7.3/armv7e-m/fpu\libgcc.a(_udivdi3.o)
 .ARM.attributes
                0x000016ad       0x36 c:/program files (x86)/gnu tools arm embedded/4.7 2013q1/bin/../lib/gcc/arm-none-eabi/4.7.3/armv7e-m/fpu/crtend.o
 .ARM.attributes
                0x000016e3       0x24 c:/program files (x86)/gnu tools arm embedded/4.7 2013q1/bin/../lib/gcc/arm-none-eabi/4.7.3/armv7e-m/fpu/crtn.o

.comment        0x00000000       0xe0
 .comment       0x00000000       0x70 C:\Users\Robin\AppData\Local\Temp\cc00CmLX.o
                                 0x71 (size before relaxing)
 .comment       0x00000000       0x71 C:\Users\Robin\AppData\Local\Temp\cc8394VB.o
 .comment       0x00000000       0x71 C:\Users\Robin\AppData\Local\Temp\cc4AjMil.o
 .comment       0x00000000       0x71 C:\Users\Robin\AppData\Local\Temp\ccOfWSYa.o
 .comment       0x00000000       0x71 C:\Users\Robin\AppData\Local\Temp\ccYDflV8.o
 .comment       0x00000000       0x71 C:\Users\Robin\AppData\Local\Temp\ccSP65Ja.o
 .comment       0x00000000       0x71 C:\Users\Robin\AppData\Local\Temp\ccpNKMlf.o
 .comment       0x00000000       0x71 C:\Users\Robin\AppData\Local\Temp\ccY7JCtx.o
 .comment       0x00000000       0x71 C:\Users\Robin\AppData\Local\Temp\cc1pgWzW.o
 .comment       0x00000000       0x71 C:\Users\Robin\AppData\Local\Temp\ccqTmWYu.o
 .comment       0x00000000       0x71 C:\Users\Robin\AppData\Local\Temp\cc7pA3im.o
 .comment       0x00000000       0x71 C:\Users\Robin\AppData\Local\Temp\ccaky3Ah.o
 .comment       0x00000000       0x71 C:\Users\Robin\AppData\Local\Temp\ccXBGaUi.o
 .comment       0x00000000       0x71 C:\Users\Robin\AppData\Local\Temp\cch09sXk.o
 .comment       0x00000000       0x71 C:\Users\Robin\AppData\Local\Temp\ccP7KT9p.o
 .comment       0x00000000       0x71 C:\Users\Robin\AppData\Local\Temp\ccXR8VDD.o
 .comment       0x00000000       0x71 C:\Users\Robin\AppData\Local\Temp\cc7mMgNW.o
 .comment       0x00000000       0x71 C:\Users\Robin\AppData\Local\Temp\cc7QtU3k.o
 .comment       0x00000000       0x71 C:\Users\Robin\AppData\Local\Temp\ccZywsoS.o
 .comment       0x00000000       0x71 C:\Users\Robin\AppData\Local\Temp\ccv964Sz.o
 .comment       0x00000000       0x71 C:\Users\Robin\AppData\Local\Temp\ccvRZ4vo.o
 .comment       0x00000000       0x71 C:\Users\Robin\AppData\Local\Temp\cchsY74k.o
 .comment       0x00000000       0x71 C:\Users\Robin\AppData\Local\Temp\ccz1bRto.o
 .comment       0x00000000       0x71 C:\Users\Robin\AppData\Local\Temp\ccBe2Zty.o
 .comment       0x00000000       0x71 C:\Users\Robin\AppData\Local\Temp\ccuQzTsH.o
 .comment       0x00000000       0x71 C:\Users\Robin\AppData\Local\Temp\cc5yFQiU.o
 .comment       0x00000000       0x71 C:\Users\Robin\AppData\Local\Temp\ccCpgVlf.o
 .comment       0x00000000       0x71 C:\Users\Robin\AppData\Local\Temp\ccvfRIkJ.o
 .comment       0x00000000       0x71 C:\Users\Robin\AppData\Local\Temp\cckDOa7g.o
 .comment       0x00000000       0x71 C:\Users\Robin\AppData\Local\Temp\ccrUhHD2.o
 .comment       0x00000000       0x71 C:\Users\Robin\AppData\Local\Temp\ccYa46nY.o
 .comment       0x00000000       0x71 C:\Users\Robin\AppData\Local\Temp\ccrhEM6Z.o
 .comment       0x00000000       0x71 C:\Users\Robin\AppData\Local\Temp\ccoRPv56.o
 .comment       0x00000000       0x71 C:\Users\Robin\AppData\Local\Temp\cccGBkEm.o
 .comment       0x00000000       0x71 C:\Users\Robin\AppData\Local\Temp\ccKEqyZH.o